Microchip MPLAB XC8 Compiler V2.46

Linker command line:

-W-3 \
  --edf=C:\Program Files\Microchip\xc8\v2.46\pic\dat\20240104201356_en.msgs \
  -cn -h+dist/default/production\Proyecto_202402.X.production.sym \
  --cmf=dist/default/production\Proyecto_202402.X.production.cmf -z \
  -Q18F45K50 -oC:\Users\joseg\AppData\Local\Temp\xcAs4f4.\driver_tmp_3.o \
  --defsym=__MPLAB_BUILD=1 --fixupoverflow=error \
  -Mdist/default/production/Proyecto_202402.X.production.map \
  --md=C:\Users\joseg\AppData\Local\Temp\xcAs4f4.\driver_tmp_0.dat -E1 \
  -ver=XC8 Compiler --acfsm=1493 -p_firma_text=1006h -ACODE=01000h-07FFFh \
  -ACONST=01000h-07FFFh -ASMALLCONST=01000h-010FFhx112 \
  -AMEDIUMCONST=01000h-07FFFh -ACOMRAM=01h-05Fh -AABS1=00h-07FFh \
  -ABIGRAM=01h-07FFh -ARAM=060h-0FFh,0100h-01FFhx7 -ABANK0=060h-0FFh \
  -ABANK1=0100h-01FFh -ABANK2=0200h-02FFh -ABANK3=0300h-03FFh \
  -ABANK4=0400h-04FFh -ABANK5=0500h-05FFh -ABANK6=0600h-06FFh \
  -ABANK7=0700h-07FFh -ASFR=0F53h-0F5Fh,0F60h-0FFFh -ABIGSFR=0F53h-0FFFh \
  -ACONFIG=0300000h-030000Dh -AIDLOC=0200000h-0200007h \
  -AEEDATA=0F00000h-0F000FFh -peeprom_data=EEDATA \
  -preset_vec=01000h,intcode=1008h,intcodelo=1018h,powerup,init \
  -pramtop=0800h -psmallconst=SMALLCONST -pmediumconst=MEDIUMCONST \
  -pconst=CONST -AFARRAM=00h-00h \
  -prdata=COMRAM,nvrram=COMRAM,nvbit=COMRAM,rbss=COMRAM,rbit=COMRAM \
  -pfarbss=FARRAM,fardata=FARRAM,nvFARRAM=FARRAM \
  -pintsave_regs=BIGRAM,bigbss=BIGRAM,bigdata=BIGRAM -pbss=RAM \
  -pidata=CODE,irdata=CODE,ibigdata=CODE,ifardata=CODE -prparam=COMRAM \
  C:\Users\joseg\AppData\Local\Temp\xcAs4f4.\driver_tmp_9.o \
  dist/default/production\Proyecto_202402.X.production.o 

Object code version is 3.11

Machine type is 18F45K50



                Name                               Link     Load   Length Selector   Space Scale
C:\Users\joseg\AppData\Local\Temp\xcAs4f4.\driver_tmp_9.o
                idloc                            200000   200000        8        0       5
                config                           300000   300000        E        0       4
                init                               1042     1042        4      80C       0
                reset_vec                          1000     1000        4      800       0
dist/default/production\Proyecto_202402.X.production.o
                intcodelo                          1018     1018       2A      80C       0
                intcode                            1008     1008        6      804       0
                idloc                            200000   200000        8        0       5
                config                           300000   300000        E        0       4
                temp                                  E        E        1        1       1
                smallconst                         1046     1046        2      823       0
                intcode_body                       1166     1166       3A      824       0
                text1                              110A     110A       5C      824       0
                text0                              1048     1048       C2      824       0
                cstackCOMRAM                          1        1        9        1       1
                dataCOMRAM                            C        C        2        1       1
                bssCOMRAM                             A        A        2        1       1
                cinit                              11A0     11A0       2A      824       0
                _firma_text                        1006     1006        2      803       0
                idataCOMRAM                        11CA     11CA        2      824       0

TOTAL           Name                               Link     Load   Length     Space
        CLASS   CODE           
                intcodelo                          1018     1018       2A         0
                intcode                            1008     1008        6         0
                init                               1042     1042        4         0
                reset_vec                          1000     1000        4         0
                intcode_body                       1166     1166       3A         0
                text1                              110A     110A       5C         0
                text0                              1048     1048       C2         0
                cinit                              11A0     11A0       2A         0
                _firma_text                        1006     1006        2         0
                idataCOMRAM                        11CA     11CA        2         0

        CLASS   CONST          

        CLASS   SMALLCONST     
                smallconst                         1046     1046        2         0

        CLASS   MEDIUMCONST    

        CLASS   COMRAM         
                temp                                  E        E        1         1
                cstackCOMRAM                          1        1        9         1
                dataCOMRAM                            C        C        2         1
                bssCOMRAM                             A        A        2         1

        CLASS   ABS1           

        CLASS   BIGRAM         

        CLASS   RAM            

        CLASS   BANK0          

        CLASS   BANK1          

        CLASS   BANK2          

        CLASS   BANK3          

        CLASS   BANK4          

        CLASS   BANK5          

        CLASS   BANK6          

        CLASS   BANK7          

        CLASS   SFR            

        CLASS   BIGSFR         

        CLASS   CONFIG         
                config                           300000   300000        E         4

        CLASS   IDLOC          
                idloc                            200000   200000        8         5

        CLASS   EEDATA         

        CLASS   FARRAM         

        CLASS   HEAP           

        CLASS   STACK          



SEGMENTS        Name                           Load    Length   Top    Selector   Space  Class

                cstackCOMRAM                   000001  00000E  00000F         1       1  COMRAM  
                reset_vec                      001000  000004  001004       800       0  CODE    
                _firma_text                    001006  000002  001008       803       0  CODE    
                intcode                        001008  000006  00100E       804       0  CODE    
                intcodelo                      001018  00002E  001046       80C       0  CODE    
                smallconst                     001046  000002  001048       823       0  SMALLCON
                text0                          001048  000184  0011CC       824       0  CODE    


UNUSED ADDRESS RANGES

        Name                Unused          Largest block    Delta
        BANK0            000060-0000FF               A0
        BANK1            000100-0001FF              100
        BANK2            000200-0002FF              100
        BANK3            000300-0003FF              100
        BANK4            000400-0004FF              100
        BANK5            000500-0005FF              100
        BANK6            000600-0006FF              100
        BANK7            000700-0007FF              100
        BIGRAM           00000F-0007FF              7F1
        BIGSFR           000F53-000FFF               AD
        CODE             001004-001005                2
                         00100E-001017                A
                         0011CC-007FFF             6E34
        COMRAM           00000F-00005F               51
        CONST            001004-001005                2
                         00100E-001017                A
                         0011CC-007FFF             6E34
        EEDATA           F00000-F000FF              100
        FARRAM           000000-000000                1
        MEDIUMCONST      001004-001005                2
                         00100E-001017                A
                         0011CC-007FFF             6E34
        RAM              000060-0007FF              100
        SFR              000F53-000FFF                D
        SMALLCONST       001004-001005                2
                         00100E-001017                A
                         0011CC-007FFF              100

                                  Symbol Table

_ANSELA                  (abs)        000F5B
_ANSELB                  (abs)        000F5C
_ANSELC                  (abs)        000F5D
_ANSELD                  (abs)        000F5E
_ANSELE                  (abs)        000F5F
_INTCON                  (abs)        000FF2
_INTCON2bits             (abs)        000FF1
_INTCONbits              (abs)        000FF2
_LATAbits                (abs)        000F89
_OSCCON                  (abs)        000FD3
_OSCCON2                 (abs)        000FD2
_OSCTUNE                 (abs)        000F9B
_PIE1bits                (abs)        000F9D
_PIR1bits                (abs)        000F9E
_RCONbits                (abs)        000FD0
_T0CONbits               (abs)        000FD5
_T1CON                   (abs)        000FCD
_TMR0H                   (abs)        000FD7
_TMR0L                   (abs)        000FD6
_TMR1                    (abs)        000FCE
_TRISA                   (abs)        000F92
_TRISB                   (abs)        000F93
_TRISC                   (abs)        000F94
_TRISD                   (abs)        000F95
_TRISE                   (abs)        000F96
__HRAM                   (abs)        000000
__H__absolute__          __absolute__ 000000
__H_firma_text           _firma_text  001008
__Habs1                  abs1         000000
__Hbank0                 bank0        000000
__Hbank1                 bank1        000000
__Hbank2                 bank2        000000
__Hbank3                 bank3        000000
__Hbank4                 bank4        000000
__Hbank5                 bank5        000000
__Hbank6                 bank6        000000
__Hbank7                 bank7        000000
__Hbigbss                bigbss       000000
__Hbigdata               bigdata      000000
__Hbigram                bigram       000000
__Hbigsfr                bigsfr       000000
__Hbss                   bss          000000
__HbssCOMRAM             bssCOMRAM    000000
__Hcinit                 cinit        000000
__Hclrtext               clrtext      000000
__Hcomram                comram       000000
__Hconfig                config       30000E
__Hconst                 const        000000
__HcstackCOMRAM          cstackCOMRAM 000000
__Hdata                  data         000000
__HdataCOMRAM            dataCOMRAM   000000
__Heeprom_data           eeprom_data  000000
__Hfarbss                farbss       000000
__Hfardata               fardata      000000
__Hheap                  heap         000000
__Hibigdata              ibigdata     000000
__Hidata                 idata        000000
__HidataCOMRAM           idataCOMRAM  000000
__Hidloc                 idloc        200008
__Hifardata              ifardata     000000
__Hinit                  init         001046
__Hintcode               intcode      00100E
__Hintcode_body          intcode_body 000000
__Hintcodelo             intcodelo    001042
__Hintentry              intentry     000000
__Hintret                intret       000000
__Hintsave_regs          intsave_regs 000000
__Hirdata                irdata       000000
__Hmediumconst           mediumconst  000000
__HnvFARRAM              nvFARRAM     000000
__Hnvbit                 nvbit        000000
__Hnvrram                nvrram       000000
__Hparam                 rparam       000000
__Hpowerup               powerup      001042
__Hram                   ram          000000
__Hramtop                ramtop       000800
__Hrbit                  rbit         000000
__Hrbss                  rbss         000000
__Hrdata                 rdata        000000
__Hreset_vec             reset_vec    001004
__Hrparam                rparam       000000
__Hsfr                   sfr          000000
__Hsivt_hi               sivt_hi      000000
__Hsivt_lo               sivt_lo      000000
__Hsmallconst            smallconst   001048
__Hspace_0               (abs)        0011CC
__Hspace_1               (abs)        00000F
__Hspace_2               (abs)        000000
__Hspace_4               (abs)        60000E
__Hstack                 stack        000000
__Hstruct                struct       000000
__Htemp                  temp         00000F
__Htext                  text         000000
__Htext0                 text0        000000
__Htext1                 text1        000000
__LRAM                   (abs)        000001
__L__absolute__          __absolute__ 000000
__L_firma_text           _firma_text  001006
__Labs1                  abs1         000000
__Lbank0                 bank0        000000
__Lbank1                 bank1        000000
__Lbank2                 bank2        000000
__Lbank3                 bank3        000000
__Lbank4                 bank4        000000
__Lbank5                 bank5        000000
__Lbank6                 bank6        000000
__Lbank7                 bank7        000000
__Lbigbss                bigbss       000000
__Lbigdata               bigdata      000000
__Lbigram                bigram       000000
__Lbigsfr                bigsfr       000000
__Lbss                   bss          000000
__LbssCOMRAM             bssCOMRAM    000000
__Lcinit                 cinit        000000
__Lclrtext               clrtext      000000
__Lcomram                comram       000000
__Lconfig                config       000000
__Lconst                 const        000000
__LcstackCOMRAM          cstackCOMRAM 000000
__Ldata                  data         000000
__LdataCOMRAM            dataCOMRAM   000000
__Leeprom_data           eeprom_data  000000
__Lfarbss                farbss       000000
__Lfardata               fardata      000000
__Lheap                  heap         000000
__Libigdata              ibigdata     000000
__Lidata                 idata        000000
__LidataCOMRAM           idataCOMRAM  000000
__Lidloc                 idloc        000000
__Lifardata              ifardata     000000
__Linit                  init         001042
__Lintcode               intcode      001008
__Lintcode_body          intcode_body 000000
__Lintcodelo             intcodelo    001018
__Lintentry              intentry     000000
__Lintret                intret       000000
__Lintsave_regs          intsave_regs 000000
__Lirdata                irdata       000000
__Lmediumconst           mediumconst  000000
__LnvFARRAM              nvFARRAM     000000
__Lnvbit                 nvbit        000000
__Lnvrram                nvrram       000000
__Lparam                 rparam       000000
__Lpowerup               powerup      001042
__Lram                   ram          000000
__Lramtop                ramtop       000800
__Lrbit                  rbit         000000
__Lrbss                  rbss         000000
__Lrdata                 rdata        000000
__Lreset_vec             reset_vec    001000
__Lrparam                rparam       000000
__Lsfr                   sfr          000000
__Lsivt_hi               sivt_hi      000000
__Lsivt_lo               sivt_lo      000000
__Lsmallconst            smallconst   001046
__Lspace_0               (abs)        000000
__Lspace_1               (abs)        000000
__Lspace_2               (abs)        000000
__Lspace_4               (abs)        000000
__Lstack                 stack        000000
__Lstruct                struct       000000
__Ltemp                  temp         00000E
__Ltext                  text         000000
__Ltext0                 text0        000000
__Ltext1                 text1        000000
__S0                     (abs)        0011CC
__S1                     (abs)        00000F
__S4                     (abs)        000000
__S5                     (abs)        000000
___heap_hi               (abs)        000000
___heap_lo               (abs)        000000
___inthi_sp              stack        000000
___inthi_stack_hi        stack        000000
___inthi_stack_lo        stack        000000
___intlo_sp              stack        000000
___intlo_stack_hi        stack        000000
___intlo_stack_lo        stack        000000
___param_bank            (abs)        000000
___rparam_used           (abs)        000001
___sp                    stack        000000
___stack_hi              stack        000000
___stack_lo              stack        000000
__accesstop              (abs)        000060
__activetblptr           (abs)        000002
__end_of__initialization cinit        0011BC
__end_of_config          text1        001166
__end_of_firma           _firma_text  001008
__end_of_highInterrupt   intcode_body 0011A0
__end_of_lowInterrupt    intcodelo    001042
__end_of_main            text0        00110A
__initialization         cinit        0011A0
__mediumconst            mediumconst  000000
__p_firma_text           _firma_text  001006
__pbssCOMRAM             bssCOMRAM    00000A
__pcinit                 cinit        0011A0
__pcstackCOMRAM          cstackCOMRAM 000001
__pdataCOMRAM            dataCOMRAM   00000C
__pidataCOMRAM           idataCOMRAM  0011CA
__pintcode               intcode      001008
__pintcode_body          intcode_body 001166
__pintcodelo             intcodelo    001018
__psmallconst            smallconst   001046
__ptext0                 text0        001048
__ptext1                 text1        00110A
__ramtop                 ramtop       000800
__smallconst             smallconst   001046
_config                  text1        00110A
_contador                bssCOMRAM    00000A
_firma                   _firma_text  001006
_firma_absaddr           (abs)        001006
_highInterrupt           intcode      001008
_lowInterrupt            intcodelo    001018
_main                    text0        001048
_t                       dataCOMRAM   00000C
btemp                    temp         00000E
end_of_initialization    cinit        0011BC
int$flags                temp         00000E
int_func                 intcode_body 001166
intlevel0                text         000000
intlevel1                text         000000
intlevel2                text         000000
intlevel3                text         000000
isa$std                  (abs)        000001
isa$xinst                (abs)        000000
stackhi                  (abs)        000000
stacklo                  (abs)        000000
start                    init         001042
start_initialization     cinit        0011A0
ttemp5                   temp         00000F
ttemp6                   temp         000012
ttemp7                   temp         000016
wtemp8                   temp         00000F


MODULE INFORMATION

Module		Function		Class		Link	Load	Size
config.c
		_config        		CODE           	110A	0000	92

config.c estimated size: 92

shared
		_firma         		CODE           	1006	0000	2
		__initialization		CODE           	11A0	0000	28

shared estimated size: 30

main.c
		_highInterrupt 		CODE           	1008	0000	64
		_main          		CODE           	1048	0000	194
		_lowInterrupt  		CODE           	1018	0000	42

main.c estimated size: 300

