Microchip MPLAB XC8 Compiler V2.46

Linker command line:

-W-3 \
  --edf=C:\Program Files\Microchip\xc8\v2.46\pic\dat\20240104201356_en.msgs \
  -cn -h+dist/default/production\practica_4.X.production.sym \
  --cmf=dist/default/production\practica_4.X.production.cmf -z -Q18LF45K50 \
  -oC:\Users\joseg\AppData\Local\Temp\xcAsaek.\driver_tmp_3.o \
  --defsym=__MPLAB_BUILD=1 --fixupoverflow=error \
  -Mdist/default/production/practica_4.X.production.map \
  --md=C:\Users\joseg\AppData\Local\Temp\xcAsaek.\driver_tmp_0.dat -E1 \
  -ver=XC8 Compiler --acfsm=1493 -p_firma_text=1006h -ACODE=01000h-07FFFh \
  -ACONST=01000h-07FFFh -ASMALLCONST=01000h-010FFhx112 \
  -AMEDIUMCONST=01000h-07FFFh -ACOMRAM=01h-05Fh -AABS1=00h-07FFh \
  -ABIGRAM=01h-07FFh -ARAM=060h-0FFh,0100h-01FFhx7 -ABANK0=060h-0FFh \
  -ABANK1=0100h-01FFh -ABANK2=0200h-02FFh -ABANK3=0300h-03FFh \
  -ABANK4=0400h-04FFh -ABANK5=0500h-05FFh -ABANK6=0600h-06FFh \
  -ABANK7=0700h-07FFh -ASFR=0F53h-0F5Fh,0F60h-0FFFh -ABIGSFR=0F53h-0FFFh \
  -ACONFIG=0300000h-030000Dh -AIDLOC=0200000h-0200007h \
  -AEEDATA=0F00000h-0F000FFh -peeprom_data=EEDATA \
  -preset_vec=01000h,intcode=1008h,intcodelo=1018h,powerup,init \
  -pramtop=0800h -psmallconst=SMALLCONST -pmediumconst=MEDIUMCONST \
  -pconst=CONST -AFARRAM=00h-00h \
  -prdata=COMRAM,nvrram=COMRAM,nvbit=COMRAM,rbss=COMRAM,rbit=COMRAM \
  -pfarbss=FARRAM,fardata=FARRAM,nvFARRAM=FARRAM \
  -pintsave_regs=BIGRAM,bigbss=BIGRAM,bigdata=BIGRAM -pbss=RAM \
  -pidata=CODE,irdata=CODE,ibigdata=CODE,ifardata=CODE -prparam=COMRAM \
  C:\Users\joseg\AppData\Local\Temp\xcAsaek.\driver_tmp_14.o \
  dist/default/production\practica_4.X.production.o 

Object code version is 3.11

Machine type is 18LF45K50



                Name                               Link     Load   Length Selector   Space Scale
C:\Users\joseg\AppData\Local\Temp\xcAsaek.\driver_tmp_14.o
                idloc                            200000   200000        8        0       5
                config                           300000   300000        E        0       4
                init                               124E     124E        4      80C       0
                reset_vec                          1000     1000        4      800       0
dist/default/production\practica_4.X.production.o
                intcodelo                          1018     1018      236      80C       0
                intcode                            1008     1008        6      804       0
                idloc                            200000   200000        8        0       5
                config                           300000   300000        E        0       4
                temp                                 4B       4B        1        1       1
                smallconst                         1252     1252       64      929       0
                text22                             1FA2     1FA2       30      95B       0
                text21                             1FF8     1FF8       1A      95B       0
                text20                             1FD2     1FD2       26      95B       0
                text19                             1794     1794      110      95B       0
                text18                             1D96     1D96       6A      95B       0
                text17                             1F6E     1F6E       34      95B       0
                text16                             2022     2022        2      95B       0
                text15                             1C4C     1C4C       AA      95B       0
                text14                             196A     196A       C4      95B       0
                text13                             1B9C     1B9C       B0      95B       0
                text12                             14B6     14B6      1B8      95B       0
                text11                             1EFC     1EFC       3E      95B       0
                text10                             1F3A     1F3A       34      95B       0
                text9                              1E00     1E00       66      95B       0
                text8                              1A2E     1A2E       BC      95B       0
                text7                              166E     166E      126      95B       0
                intcode_body                       12B6     12B6      200      95B       0
                text5                              18A4     18A4       C6      95B       0
                text4                              1AEA     1AEA       B2      95B       0
                text3                              1E66     1E66       58      95B       0
                text1                              1CF6     1CF6       A0      95B       0
                text0                              2012     2012        E      95B       0
                cstackCOMRAM                          1        1       36        1       1
                cstackBANK0                          60       60       3E       60       1
                cstackBANK1                         100      100       16      100       1
                dataBANK0                            C3       C3        2       60       1
                bssBANK0                             9E       9E       25       60       1
                bssCOMRAM                            37       37       14        1       1
                cinit                              1EBE     1EBE       3E      95B       0
                _firma_text                        1006     1006        2      803       0
                idataBANK0                         2020     2020        2      95B       0

TOTAL           Name                               Link     Load   Length     Space
        CLASS   CODE           
                intcodelo                          1018     1018      236         0
                intcode                            1008     1008        6         0
                init                               124E     124E        4         0
                reset_vec                          1000     1000        4         0
                text22                             1FA2     1FA2       30         0
                text21                             1FF8     1FF8       1A         0
                text20                             1FD2     1FD2       26         0
                text19                             1794     1794      110         0
                text18                             1D96     1D96       6A         0
                text17                             1F6E     1F6E       34         0
                text16                             2022     2022        2         0
                text15                             1C4C     1C4C       AA         0
                text14                             196A     196A       C4         0
                text13                             1B9C     1B9C       B0         0
                text12                             14B6     14B6      1B8         0
                text11                             1EFC     1EFC       3E         0
                text10                             1F3A     1F3A       34         0
                text9                              1E00     1E00       66         0
                text8                              1A2E     1A2E       BC         0
                text7                              166E     166E      126         0
                intcode_body                       12B6     12B6      200         0
                text5                              18A4     18A4       C6         0
                text4                              1AEA     1AEA       B2         0
                text3                              1E66     1E66       58         0
                text1                              1CF6     1CF6       A0         0
                text0                              2012     2012        E         0
                cinit                              1EBE     1EBE       3E         0
                _firma_text                        1006     1006        2         0
                idataBANK0                         2020     2020        2         0

        CLASS   CONST          

        CLASS   SMALLCONST     
                smallconst                         1252     1252       64         0

        CLASS   MEDIUMCONST    

        CLASS   COMRAM         
                temp                                 4B       4B        1         1
                cstackCOMRAM                          1        1       36         1
                bssCOMRAM                            37       37       14         1

        CLASS   ABS1           

        CLASS   BIGRAM         

        CLASS   RAM            

        CLASS   BANK0          
                cstackBANK0                          60       60       3E         1
                dataBANK0                            C3       C3        2         1
                bssBANK0                             9E       9E       25         1

        CLASS   BANK1          
                cstackBANK1                         100      100       16         1

        CLASS   BANK2          

        CLASS   BANK3          

        CLASS   BANK4          

        CLASS   BANK5          

        CLASS   BANK6          

        CLASS   BANK7          

        CLASS   SFR            

        CLASS   BIGSFR         

        CLASS   CONFIG         
                config                           300000   300000        E         4

        CLASS   IDLOC          
                idloc                            200000   200000        8         5

        CLASS   EEDATA         

        CLASS   FARRAM         

        CLASS   HEAP           

        CLASS   STACK          



SEGMENTS        Name                           Load    Length   Top    Selector   Space  Class

                cstackCOMRAM                   000001  00004B  00004C         1       1  COMRAM  
                cstackBANK0                    000060  000065  0000C5        60       1  BANK0   
                cstackBANK1                    000100  000016  000116       100       1  BANK1   
                reset_vec                      001000  000004  001004       800       0  CODE    
                _firma_text                    001006  000002  001008       803       0  CODE    
                intcode                        001008  000006  00100E       804       0  CODE    
                intcodelo                      001018  00023A  001252       80C       0  CODE    
                smallconst                     001252  000064  0012B6       929       0  SMALLCON
                intcode_body                   0012B6  000D6E  002024       95B       0  CODE    


UNUSED ADDRESS RANGES

        Name                Unused          Largest block    Delta
        BANK0            0000C5-0000FF               3B
        BANK1            000116-0001FF               EA
        BANK2            000200-0002FF              100
        BANK3            000300-0003FF              100
        BANK4            000400-0004FF              100
        BANK5            000500-0005FF              100
        BANK6            000600-0006FF              100
        BANK7            000700-0007FF              100
        BIGRAM           00004C-00005F               14
                         0000C5-0000FF               3B
                         000116-0007FF              6EA
        BIGSFR           000F53-000FFF               AD
        CODE             001004-001005                2
                         00100E-001017                A
                         002024-007FFF             5FDC
        COMRAM           00004C-00005F               14
        CONST            001004-001005                2
                         00100E-001017                A
                         002024-007FFF             5FDC
        EEDATA           F00000-F000FF              100
        FARRAM           000000-000000                1
        MEDIUMCONST      001004-001005                2
                         00100E-001017                A
                         002024-007FFF             5FDC
        RAM              0000C5-0000FF               3B
                         000116-0007FF              100
        SFR              000F53-000FFF                D
        SMALLCONST       001004-001005                2
                         00100E-001017                A
                         002024-007FFF              100

                                  Symbol Table

?___awdiv                cstackBANK1  000100
?___awmod                cstackBANK1  000108
?___wmul                 cstackCOMRAM 000001
?_abs                    cstackCOMRAM 000007
?_atoi                   cstackCOMRAM 000007
?_sprintf                cstackCOMRAM 00001A
?_strcmp                 cstackCOMRAM 000001
?_strncmp                cstackCOMRAM 000001
?_vfprintf               cstackCOMRAM 000016
?i2___awdiv              cstackCOMRAM 000001
?i2___awmod              cstackCOMRAM 000001
_ANSELA                  (abs)        000F5B
_ANSELAbits              (abs)        000F5B
_ANSELC                  (abs)        000F5D
_ANSELD                  (abs)        000F5E
_ANSELE                  (abs)        000F5F
_BAUDCON1                (abs)        000FB8
_INTCON                  (abs)        000FF2
_INTCON2bits             (abs)        000FF1
_INTCONbits              (abs)        000FF2
_IPR1bits                (abs)        000F9F
_LATAbits                (abs)        000F89
_LATBbits                (abs)        000F8A
_LATCbits                (abs)        000F8B
_LATEbits                (abs)        000F8D
_OSCCON                  (abs)        000FD3
_OSCCON2                 (abs)        000FD2
_OSCTUNE                 (abs)        000F9B
_PIE1bits                (abs)        000F9D
_PIR1bits                (abs)        000F9E
_RCONbits                (abs)        000FD0
_RCREG1                  (abs)        000FAE
_RCSTA1bits              (abs)        000FAB
_SPBRG1                  (abs)        000FAF
_SPBRGH1                 (abs)        000FB0
_T0CONbits               (abs)        000FD5
_TMR0H                   (abs)        000FD7
_TMR0L                   (abs)        000FD6
_TRISAbits               (abs)        000F92
_TRISBbits               (abs)        000F93
_TRISCbits               (abs)        000F94
_TRISDbits               (abs)        000F95
_TRISE                   (abs)        000F96
_TXREG                   (abs)        000FAD
_TXSTA1bits              (abs)        000FAC
_TXSTAbits               (abs)        000FAC
_VREFCON1bits            (abs)        000F7C
_VREFCON2bits            (abs)        000F7B
__HRAM                   (abs)        000000
__H__absolute__          __absolute__ 000000
__H_firma_text           _firma_text  001008
__Habs1                  abs1         000000
__Hbank0                 bank0        000000
__Hbank1                 bank1        000000
__Hbank2                 bank2        000000
__Hbank3                 bank3        000000
__Hbank4                 bank4        000000
__Hbank5                 bank5        000000
__Hbank6                 bank6        000000
__Hbank7                 bank7        000000
__Hbigbss                bigbss       000000
__Hbigdata               bigdata      000000
__Hbigram                bigram       000000
__Hbigsfr                bigsfr       000000
__Hbss                   bss          000000
__HbssBANK0              bssBANK0     000000
__HbssCOMRAM             bssCOMRAM    000000
__Hcinit                 cinit        000000
__Hclrtext               clrtext      000000
__Hcomram                comram       000000
__Hconfig                config       30000E
__Hconst                 const        000000
__HcstackBANK0           cstackBANK0  000000
__HcstackBANK1           cstackBANK1  000000
__HcstackCOMRAM          cstackCOMRAM 000000
__Hdata                  data         000000
__HdataBANK0             dataBANK0    000000
__Heeprom_data           eeprom_data  000000
__Hfarbss                farbss       000000
__Hfardata               fardata      000000
__Hheap                  heap         000000
__Hibigdata              ibigdata     000000
__Hidata                 idata        000000
__HidataBANK0            idataBANK0   000000
__Hidloc                 idloc        200008
__Hifardata              ifardata     000000
__Hinit                  init         001252
__Hintcode               intcode      00100E
__Hintcode_body          intcode_body 000000
__Hintcodelo             intcodelo    00124E
__Hintentry              intentry     000000
__Hintret                intret       000000
__Hintsave_regs          intsave_regs 000000
__Hirdata                irdata       000000
__Hmediumconst           mediumconst  000000
__HnvFARRAM              nvFARRAM     000000
__Hnvbit                 nvbit        000000
__Hnvrram                nvrram       000000
__Hparam                 rparam       000000
__Hpowerup               powerup      00124E
__Hram                   ram          000000
__Hramtop                ramtop       000800
__Hrbit                  rbit         000000
__Hrbss                  rbss         000000
__Hrdata                 rdata        000000
__Hreset_vec             reset_vec    001004
__Hrparam                rparam       000000
__Hsfr                   sfr          000000
__Hsivt_hi               sivt_hi      000000
__Hsivt_lo               sivt_lo      000000
__Hsmallconst            smallconst   0012B6
__Hspace_0               (abs)        002024
__Hspace_1               (abs)        000116
__Hspace_2               (abs)        000000
__Hspace_4               (abs)        60000E
__Hstack                 stack        000000
__Hstruct                struct       000000
__Htemp                  temp         00004C
__Htext                  text         000000
__Htext0                 text0        000000
__Htext1                 text1        000000
__Htext10                text10       000000
__Htext11                text11       000000
__Htext12                text12       000000
__Htext13                text13       000000
__Htext14                text14       000000
__Htext15                text15       000000
__Htext16                text16       000000
__Htext17                text17       000000
__Htext18                text18       000000
__Htext19                text19       000000
__Htext20                text20       000000
__Htext21                text21       000000
__Htext22                text22       000000
__Htext3                 text3        000000
__Htext4                 text4        000000
__Htext5                 text5        000000
__Htext7                 text7        000000
__Htext8                 text8        000000
__Htext9                 text9        000000
__LRAM                   (abs)        000001
__L__absolute__          __absolute__ 000000
__L_firma_text           _firma_text  001006
__Labs1                  abs1         000000
__Lbank0                 bank0        000000
__Lbank1                 bank1        000000
__Lbank2                 bank2        000000
__Lbank3                 bank3        000000
__Lbank4                 bank4        000000
__Lbank5                 bank5        000000
__Lbank6                 bank6        000000
__Lbank7                 bank7        000000
__Lbigbss                bigbss       000000
__Lbigdata               bigdata      000000
__Lbigram                bigram       000000
__Lbigsfr                bigsfr       000000
__Lbss                   bss          000000
__LbssBANK0              bssBANK0     000000
__LbssCOMRAM             bssCOMRAM    000000
__Lcinit                 cinit        000000
__Lclrtext               clrtext      000000
__Lcomram                comram       000000
__Lconfig                config       000000
__Lconst                 const        000000
__LcstackBANK0           cstackBANK0  000000
__LcstackBANK1           cstackBANK1  000000
__LcstackCOMRAM          cstackCOMRAM 000000
__Ldata                  data         000000
__LdataBANK0             dataBANK0    000000
__Leeprom_data           eeprom_data  000000
__Lfarbss                farbss       000000
__Lfardata               fardata      000000
__Lheap                  heap         000000
__Libigdata              ibigdata     000000
__Lidata                 idata        000000
__LidataBANK0            idataBANK0   000000
__Lidloc                 idloc        000000
__Lifardata              ifardata     000000
__Linit                  init         00124E
__Lintcode               intcode      001008
__Lintcode_body          intcode_body 000000
__Lintcodelo             intcodelo    001018
__Lintentry              intentry     000000
__Lintret                intret       000000
__Lintsave_regs          intsave_regs 000000
__Lirdata                irdata       000000
__Lmediumconst           mediumconst  000000
__LnvFARRAM              nvFARRAM     000000
__Lnvbit                 nvbit        000000
__Lnvrram                nvrram       000000
__Lparam                 rparam       000000
__Lpowerup               powerup      00124E
__Lram                   ram          000000
__Lramtop                ramtop       000800
__Lrbit                  rbit         000000
__Lrbss                  rbss         000000
__Lrdata                 rdata        000000
__Lreset_vec             reset_vec    001000
__Lrparam                rparam       000000
__Lsfr                   sfr          000000
__Lsivt_hi               sivt_hi      000000
__Lsivt_lo               sivt_lo      000000
__Lsmallconst            smallconst   001252
__Lspace_0               (abs)        000000
__Lspace_1               (abs)        000000
__Lspace_2               (abs)        000000
__Lspace_4               (abs)        000000
__Lstack                 stack        000000
__Lstruct                struct       000000
__Ltemp                  temp         00004B
__Ltext                  text         000000
__Ltext0                 text0        000000
__Ltext1                 text1        000000
__Ltext10                text10       000000
__Ltext11                text11       000000
__Ltext12                text12       000000
__Ltext13                text13       000000
__Ltext14                text14       000000
__Ltext15                text15       000000
__Ltext16                text16       000000
__Ltext17                text17       000000
__Ltext18                text18       000000
__Ltext19                text19       000000
__Ltext20                text20       000000
__Ltext21                text21       000000
__Ltext22                text22       000000
__Ltext3                 text3        000000
__Ltext4                 text4        000000
__Ltext5                 text5        000000
__Ltext7                 text7        000000
__Ltext8                 text8        000000
__Ltext9                 text9        000000
__S0                     (abs)        002024
__S1                     (abs)        000116
__S4                     (abs)        000000
__S5                     (abs)        000000
___awdiv                 text5        0018A4
___awdiv@counter         cstackBANK1  000104
___awdiv@dividend        cstackBANK1  000100
___awdiv@divisor         cstackBANK1  000102
___awdiv@quotient        cstackBANK1  000106
___awdiv@sign            cstackBANK1  000105
___awmod                 text4        001AEA
___awmod@counter         cstackBANK1  00010C
___awmod@dividend        cstackBANK1  000108
___awmod@divisor         cstackBANK1  00010A
___awmod@sign            cstackBANK1  00010D
___heap_hi               (abs)        000000
___heap_lo               (abs)        000000
___inthi_sp              stack        000000
___inthi_stack_hi        stack        000000
___inthi_stack_lo        stack        000000
___intlo_sp              stack        000000
___intlo_stack_hi        stack        000000
___intlo_stack_lo        stack        000000
___param_bank            (abs)        000000
___rparam_used           (abs)        000001
___sp                    stack        000000
___stack_hi              stack        000000
___stack_lo              stack        000000
___wmul                  text20       001FD2
___wmul@multiplicand     cstackCOMRAM 000003
___wmul@multiplier       cstackCOMRAM 000001
___wmul@product          cstackCOMRAM 000005
__accesstop              (abs)        000060
__activetblptr           (abs)        000002
__end_of___awdiv         text5        00196A
__end_of___awmod         text4        001B9C
__end_of___wmul          text20       001FF8
__end_of__initialization cinit        001EEE
__end_of_abs             text17       001FA2
__end_of_atoi            text19       0018A4
__end_of_buf_clean       text21       002012
__end_of_config          text1        001D96
__end_of_firma           _firma_text  001008
__end_of_fputc           text15       001CF6
__end_of_hint            intcode_body 0014B6
__end_of_lint            intcodelo    00124E
__end_of_main            text0        002020
__end_of_memset          text22       001FD2
__end_of_netw_procss     text7        001794
__end_of_netw_trans      text18       001E00
__end_of_putch           text16       002024
__end_of_segmentos       smallconst   001263
__end_of_shift           text3        001EBE
__end_of_sprintf         text10       001F6E
__end_of_strcmp          text9        001E66
__end_of_strncmp         text8        001AEA
__end_of_vfpfcnvrt       text12       00166E
__end_of_vfprintf        text11       001F3A
__end_ofi2___awdiv       text14       001A2E
__end_ofi2___awmod       text13       001C4C
__initialization         cinit        001EBE
__mediumconst            mediumconst  000000
__p_firma_text           _firma_text  001006
__pbssBANK0              bssBANK0     00009E
__pbssCOMRAM             bssCOMRAM    000037
__pcinit                 cinit        001EBE
__pcstackBANK0           cstackBANK0  000060
__pcstackBANK1           cstackBANK1  000100
__pcstackCOMRAM          cstackCOMRAM 000001
__pdataBANK0             dataBANK0    0000C3
__pidataBANK0            idataBANK0   002020
__pintcode               intcode      001008
__pintcode_body          intcode_body 0012B6
__pintcodelo             intcodelo    001018
__psmallconst            smallconst   001252
__ptext0                 text0        002012
__ptext1                 text1        001CF6
__ptext10                text10       001F3A
__ptext11                text11       001EFC
__ptext12                text12       0014B6
__ptext13                text13       001B9C
__ptext14                text14       00196A
__ptext15                text15       001C4C
__ptext16                text16       002022
__ptext17                text17       001F6E
__ptext18                text18       001D96
__ptext19                text19       001794
__ptext20                text20       001FD2
__ptext21                text21       001FF8
__ptext22                text22       001FA2
__ptext3                 text3        001E66
__ptext4                 text4        001AEA
__ptext5                 text5        0018A4
__ptext7                 text7        00166E
__ptext8                 text8        001A2E
__ptext9                 text9        001E00
__ramtop                 ramtop       000800
__smallconst             smallconst   001252
_abs                     text17       001F6E
_arreglo                 bssCOMRAM    00003F
_atoi                    text19       001794
_buf_clean               text21       001FF8
_config                  text1        001CF6
_dbuf                    bssBANK0     00009E
_firma                   _firma_text  001006
_firma_absaddr           (abs)        001006
_flags                   bssCOMRAM    00003D
_fputc                   text15       001C4C
_hint                    intcode      001008
_i                       bssCOMRAM    00003E
_lint                    intcodelo    001018
_main                    text0        002012
_memset                  text22       001FA2
_netw_procss             text7        00166E
_netw_trans              text18       001D96
_prec                    bssCOMRAM    000039
_putch                   text16       002022
_segmentos               smallconst   001253
_shift                   text3        001E66
_sprintf                 text10       001F3A
_strcmp                  text9        001E00
_strncmp                 text8        001A2E
_t_ms                    dataBANK0    0000C3
_vfpfcnvrt               text12       0014B6
_vfprintf                text11       001EFC
_width                   bssCOMRAM    000037
abs@a                    cstackCOMRAM 000007
atoi@n                   cstackCOMRAM 00000C
atoi@neg                 cstackCOMRAM 00000B
atoi@s                   cstackCOMRAM 000007
btemp                    temp         00004B
end_of_initialization    cinit        001EEE
fputc@c                  cstackCOMRAM 000001
fputc@fp                 cstackCOMRAM 000003
hint@leer                cstackCOMRAM 000036
i2___awdiv               text14       00196A
i2___awdiv@counter       cstackCOMRAM 000005
i2___awdiv@dividend      cstackCOMRAM 000001
i2___awdiv@divisor       cstackCOMRAM 000003
i2___awdiv@quotient      cstackCOMRAM 000007
i2___awdiv@sign          cstackCOMRAM 000006
i2___awmod               text13       001B9C
i2___awmod@counter       cstackCOMRAM 000005
i2___awmod@dividend      cstackCOMRAM 000001
i2___awmod@divisor       cstackCOMRAM 000003
i2___awmod@sign          cstackCOMRAM 000006
int$flags                temp         00004B
int_func                 intcode_body 0012B6
intlevel0                text         000000
intlevel1                text         000000
intlevel2                text         000000
intlevel3                text         000000
isa$std                  (abs)        000001
isa$xinst                (abs)        000000
lint@cont1               bssBANK0     0000C0
lint@cont2               bssBANK0     0000BE
lint@rota                bssBANK0     0000C2
memset@c                 cstackCOMRAM 000002
memset@dest              cstackCOMRAM 000001
memset@n                 cstackCOMRAM 000004
memset@p                 cstackCOMRAM 000006
netw_procss@mensaje      cstackBANK0  00007E
netw_procss@message      cstackBANK0  000060
netw_procss@tiempo_nuevo cstackBANK0  00009C
netw_trans@mensaje       cstackCOMRAM 000001
shift@dato               cstackBANK1  000101
shift@k                  cstackBANK1  000100
shift@n                  cstackBANK1  000102
sprintf@ap               cstackCOMRAM 00001E
sprintf@f                cstackCOMRAM 00001F
sprintf@fmt              cstackCOMRAM 00001B
sprintf@s                cstackCOMRAM 00001A
stackhi                  (abs)        000000
stacklo                  (abs)        000000
start                    init         00124E
start_initialization     cinit        001EBE
strcmp@l                 cstackCOMRAM 000001
strcmp@r                 cstackCOMRAM 000002
strncmp@l                cstackCOMRAM 000001
strncmp@n                cstackCOMRAM 000003
strncmp@r                cstackCOMRAM 000002
ttemp5                   temp         00004C
ttemp6                   temp         00004F
ttemp7                   temp         000053
vfpfcnvrt@ap             cstackCOMRAM 00000D
vfpfcnvrt@c              cstackCOMRAM 000015
vfpfcnvrt@convarg        cstackCOMRAM 000011
vfpfcnvrt@cp             cstackCOMRAM 000010
vfpfcnvrt@done           cstackCOMRAM 00000F
vfpfcnvrt@fmt            cstackCOMRAM 00000C
vfpfcnvrt@fp             cstackCOMRAM 00000B
vfprintf@ap              cstackCOMRAM 000018
vfprintf@cfmt            cstackCOMRAM 000019
vfprintf@fmt             cstackCOMRAM 000017
vfprintf@fp              cstackCOMRAM 000016
wtemp8                   temp         00004C


MODULE INFORMATION

Module		Function		Class		Link	Load	Size
C:\Program Files\Microchip\xc8\v2.46\pic\sources\c99\common\nf_fputc.c
		_fputc         		CODE           	1C4C	0000	170

C:\Program Files\Microchip\xc8\v2.46\pic\sources\c99\common\nf_fputc.c estimated size: 170

C:\Program Files\Microchip\xc8\v2.46\pic\sources\c99\common\awdiv.c
		___awdiv       		CODE           	18A4	0000	198

C:\Program Files\Microchip\xc8\v2.46\pic\sources\c99\common\awdiv.c estimated size: 198

C:\Program Files\Microchip\xc8\v2.46\pic\sources\c99\common\strncmp.c
		_strncmp       		CODE           	1A2E	0000	188

C:\Program Files\Microchip\xc8\v2.46\pic\sources\c99\common\strncmp.c estimated size: 188

C:\Program Files\Microchip\xc8\v2.46\pic\sources\c99\common\strcmp.c
		_strcmp        		CODE           	1E00	0000	102

C:\Program Files\Microchip\xc8\v2.46\pic\sources\c99\common\strcmp.c estimated size: 102

C:\Program Files\Microchip\xc8\v2.46\pic\sources\c99\common\memset.c
		_memset        		CODE           	1FA2	0000	48

C:\Program Files\Microchip\xc8\v2.46\pic\sources\c99\common\memset.c estimated size: 48

C:\Program Files\Microchip\xc8\v2.46\pic\sources\c99\common\atoi.c
		_atoi          		CODE           	1794	0000	272

C:\Program Files\Microchip\xc8\v2.46\pic\sources\c99\common\atoi.c estimated size: 272

config.c
		_config        		CODE           	1CF6	0000	160

config.c estimated size: 160

C:\Program Files\Microchip\xc8\v2.46\pic\sources\c99\common\doprnt.c
		_vfpfcnvrt     		CODE           	14B6	0000	440
		_vfprintf      		CODE           	1EFC	0000	62

C:\Program Files\Microchip\xc8\v2.46\pic\sources\c99\common\doprnt.c estimated size: 502

C:\Program Files\Microchip\xc8\v2.46\pic\sources\c99\common\nf_sprintf.c
		_sprintf       		CODE           	1F3A	0000	52

C:\Program Files\Microchip\xc8\v2.46\pic\sources\c99\common\nf_sprintf.c estimated size: 52

shared
		_segmentos     		SMALLCONST     	1253	0000	16
		i2___awdiv     		CODE           	196A	0000	196
		_firma         		CODE           	1006	0000	2
		__initialization		CODE           	1EBE	0000	48
		i2___awmod     		CODE           	1B9C	0000	176

shared estimated size: 438

C:\Program Files\Microchip\xc8\v2.46\pic\sources\c99\common\putch.c
		_putch         		CODE           	2022	0000	2

C:\Program Files\Microchip\xc8\v2.46\pic\sources\c99\common\putch.c estimated size: 2

C:\Program Files\Microchip\xc8\v2.46\pic\sources\c99\common\Umul16.c
		___wmul        		CODE           	1FD2	0000	38

C:\Program Files\Microchip\xc8\v2.46\pic\sources\c99\common\Umul16.c estimated size: 38

C:\Program Files\Microchip\xc8\v2.46\pic\sources\c99\common\abs.c
		_abs           		CODE           	1F6E	0000	52

C:\Program Files\Microchip\xc8\v2.46\pic\sources\c99\common\abs.c estimated size: 52

C:\Program Files\Microchip\xc8\v2.46\pic\sources\c99\common\awmod.c
		___awmod       		CODE           	1AEA	0000	178

C:\Program Files\Microchip\xc8\v2.46\pic\sources\c99\common\awmod.c estimated size: 178

main.c
		_hint          		CODE           	1008	0000	518
		_lint          		CODE           	1018	0000	566
		_main          		CODE           	2012	0000	14
		_netw_trans    		CODE           	1D96	0000	106
		_shift         		CODE           	1E66	0000	88
		_buf_clean     		CODE           	1FF8	0000	26
		_netw_procss   		CODE           	166E	0000	294

main.c estimated size: 1612

