Microchip MPLAB XC8 Compiler V2.46

Linker command line:

-W-3 \
  --edf=C:\Program Files\Microchip\xc8\v2.46\pic\dat\20240104201356_en.msgs \
  -cn -h+dist/default/production\Practica5_JoseLopez.X.production.sym \
  --cmf=dist/default/production\Practica5_JoseLopez.X.production.cmf -z \
  -Q18F45K50 -oC:\Users\joseg\AppData\Local\Temp\xcAsglk.\driver_tmp_3.o \
  --defsym=__MPLAB_BUILD=1 --fixupoverflow=error \
  -Mdist/default/production/Practica5_JoseLopez.X.production.map \
  --md=C:\Users\joseg\AppData\Local\Temp\xcAsglk.\driver_tmp_0.dat -E1 \
  -ver=XC8 Compiler --acfsm=1493 -p_firma_text=1006h -ACODE=01000h-07FFFh \
  -ACONST=01000h-07FFFh -ASMALLCONST=01000h-010FFhx112 \
  -AMEDIUMCONST=01000h-07FFFh -ACOMRAM=01h-05Fh -AABS1=00h-07FFh \
  -ABIGRAM=01h-07FFh -ARAM=060h-0FFh,0100h-01FFhx7 -ABANK0=060h-0FFh \
  -ABANK1=0100h-01FFh -ABANK2=0200h-02FFh -ABANK3=0300h-03FFh \
  -ABANK4=0400h-04FFh -ABANK5=0500h-05FFh -ABANK6=0600h-06FFh \
  -ABANK7=0700h-07FFh -ASFR=0F53h-0F5Fh,0F60h-0FFFh -ABIGSFR=0F53h-0FFFh \
  -ACONFIG=0300000h-030000Dh -AIDLOC=0200000h-0200007h \
  -AEEDATA=0F00000h-0F000FFh -peeprom_data=EEDATA \
  -preset_vec=01000h,intcode,intcodelo=1018h,powerup,init -pramtop=0800h \
  -psmallconst=SMALLCONST -pmediumconst=MEDIUMCONST -pconst=CONST \
  -AFARRAM=00h-00h \
  -prdata=COMRAM,nvrram=COMRAM,nvbit=COMRAM,rbss=COMRAM,rbit=COMRAM \
  -pfarbss=FARRAM,fardata=FARRAM,nvFARRAM=FARRAM \
  -pintsave_regs=BIGRAM,bigbss=BIGRAM,bigdata=BIGRAM -pbss=RAM \
  -pidata=CODE,irdata=CODE,ibigdata=CODE,ifardata=CODE -prparam=COMRAM \
  C:\Users\joseg\AppData\Local\Temp\xcAsglk.\driver_tmp_9.o \
  dist/default/production\Practica5_JoseLopez.X.production.o 

Object code version is 3.11

Machine type is 18F45K50



                Name                               Link     Load   Length Selector   Space Scale
C:\Users\joseg\AppData\Local\Temp\xcAsglk.\driver_tmp_9.o
                init                               11C2     11C2        4      80C       0
                reset_vec                          1000     1000        4      800       0
dist/default/production\Practica5_JoseLopez.X.production.o
                intcodelo                          1018     1018      1AA      80C       0
                temp                                 27       27        1        1       1
                smallconst                         11C6     11C6       22      8E3       0
                text5                              141E     141E       50      8F4       0
                text4                              13CA     13CA       54      8F4       0
                text2                              146E     146E       20      8F4       0
                text1                              1338     1338       92      8F4       0
                text0                              11E8     11E8      150      8F4       0
                cstackCOMRAM                         16       16       10        1       1
                bssCOMRAM                             1        1       15        1       1
                cinit                              148E     148E       1A      8F4       0
                nvCOMRAM                             26       26        1        1       1
                _firma_text                        1006     1006        2      803       0

TOTAL           Name                               Link     Load   Length     Space
        CLASS   CODE           
                intcodelo                          1018     1018      1AA         0
                init                               11C2     11C2        4         0
                reset_vec                          1000     1000        4         0
                text5                              141E     141E       50         0
                text4                              13CA     13CA       54         0
                text2                              146E     146E       20         0
                text1                              1338     1338       92         0
                text0                              11E8     11E8      150         0
                cinit                              148E     148E       1A         0
                _firma_text                        1006     1006        2         0

        CLASS   CONST          

        CLASS   SMALLCONST     
                smallconst                         11C6     11C6       22         0

        CLASS   MEDIUMCONST    

        CLASS   COMRAM         
                temp                                 27       27        1         1
                cstackCOMRAM                         16       16       10         1
                bssCOMRAM                             1        1       15         1
                nvCOMRAM                             26       26        1         1

        CLASS   ABS1           

        CLASS   BIGRAM         

        CLASS   RAM            

        CLASS   BANK0          

        CLASS   BANK1          

        CLASS   BANK2          

        CLASS   BANK3          

        CLASS   BANK4          

        CLASS   BANK5          

        CLASS   BANK6          

        CLASS   BANK7          

        CLASS   SFR            

        CLASS   BIGSFR         

        CLASS   CONFIG         

        CLASS   IDLOC          

        CLASS   EEDATA         

        CLASS   FARRAM         

        CLASS   HEAP           

        CLASS   STACK          



SEGMENTS        Name                           Load    Length   Top    Selector   Space  Class

                bssCOMRAM                      000001  000027  000028         1       1  COMRAM  
                reset_vec                      001000  000004  001004       800       0  CODE    
                _firma_text                    001006  000002  001008       803       0  CODE    
                intcodelo                      001018  0001AE  0011C6       80C       0  CODE    
                smallconst                     0011C6  000022  0011E8       8E3       0  SMALLCON
                text0                          0011E8  0002C0  0014A8       8F4       0  CODE    


UNUSED ADDRESS RANGES

        Name                Unused          Largest block    Delta
        BANK0            0060-00FF             A0
        BANK1            0100-01FF            100
        BANK2            0200-02FF            100
        BANK3            0300-03FF            100
        BANK4            0400-04FF            100
        BANK5            0500-05FF            100
        BANK6            0600-06FF            100
        BANK7            0700-07FF            100
        BIGRAM           0028-07FF            7D8
        BIGSFR           0F53-0FFF             AD
        CODE             1004-1005              2
                         1008-1017             10
                         14A8-7FFF           6B58
        COMRAM           0028-005F             38
        CONFIG           300000-30000D              E
        CONST            1004-1005              2
                         1008-1017             10
                         14A8-7FFF           6B58
        EEDATA           F00000-F000FF            100
        FARRAM           0000-0000              1
        IDLOC            200000-200007              8
        MEDIUMCONST      1004-1005              2
                         1008-1017             10
                         14A8-7FFF           6B58
        RAM              0060-07FF            100
        SFR              0F53-0FFF              D
        SMALLCONST       1004-1005              2
                         1008-1017             10
                         14A8-7FFF            100

                                  Symbol Table

_ANSELA                  (abs)        0F5B
_ANSELAbits              (abs)        0F5B
_ANSELB                  (abs)        0F5C
_ANSELC                  (abs)        0F5D
_ANSELD                  (abs)        0F5E
_ANSELE                  (abs)        0F5F
_BAUDCON1                (abs)        0FB8
_EEADR                   (abs)        0FA9
_EECON1bits              (abs)        0FA6
_EECON2                  (abs)        0FA7
_EEDATA                  (abs)        0FA8
_INTCON                  (abs)        0FF2
_INTCON2bits             (abs)        0FF1
_INTCON3bits             (abs)        0FF0
_INTCONbits              (abs)        0FF2
_IPR1bits                (abs)        0F9F
_LATAbits                (abs)        0F89
_LATBbits                (abs)        0F8A
_LATCbits                (abs)        0F8B
_LATEbits                (abs)        0F8D
_OSCCON                  (abs)        0FD3
_OSCCON2                 (abs)        0FD2
_OSCTUNE                 (abs)        0F9B
_PIE1bits                (abs)        0F9D
_PORTD                   (abs)        0F83
_RCONbits                (abs)        0FD0
_RCSTA1bits              (abs)        0FAB
_SPBRG1                  (abs)        0FAF
_SPBRGH1                 (abs)        0FB0
_T0CONbits               (abs)        0FD5
_TMR0H                   (abs)        0FD7
_TMR0L                   (abs)        0FD6
_TRISAbits               (abs)        0F92
_TRISBbits               (abs)        0F93
_TRISCbits               (abs)        0F94
_TRISDbits               (abs)        0F95
_TRISE                   (abs)        0F96
_TXSTA1bits              (abs)        0FAC
__HRAM                   (abs)        0000
__H__absolute__          __absolute__ 0000
__H_firma_text           _firma_text  1008
__Habs1                  abs1         0000
__Hbank0                 bank0        0000
__Hbank1                 bank1        0000
__Hbank2                 bank2        0000
__Hbank3                 bank3        0000
__Hbank4                 bank4        0000
__Hbank5                 bank5        0000
__Hbank6                 bank6        0000
__Hbank7                 bank7        0000
__Hbigbss                bigbss       0000
__Hbigdata               bigdata      0000
__Hbigram                bigram       0000
__Hbigsfr                bigsfr       0000
__Hbss                   bss          0000
__HbssCOMRAM             bssCOMRAM    0000
__Hcinit                 cinit        0000
__Hclrtext               clrtext      0000
__Hcomram                comram       0000
__Hconfig                config       0000
__Hconst                 const        0000
__HcstackCOMRAM          cstackCOMRAM 0000
__Hdata                  data         0000
__Heeprom_data           eeprom_data  0000
__Hfarbss                farbss       0000
__Hfardata               fardata      0000
__Hheap                  heap         0000
__Hibigdata              ibigdata     0000
__Hidata                 idata        0000
__Hidloc                 idloc        0000
__Hifardata              ifardata     0000
__Hinit                  init         11C6
__Hintcode               intcode      1004
__Hintcode_body          intcode_body 0000
__Hintcodelo             intcodelo    11C2
__Hintentry              intentry     0000
__Hintret                intret       0000
__Hintsave_regs          intsave_regs 0000
__Hirdata                irdata       0000
__Hmediumconst           mediumconst  0000
__HnvCOMRAM              nvCOMRAM     0000
__HnvFARRAM              nvFARRAM     0000
__Hnvbit                 nvbit        0000
__Hnvrram                nvrram       0000
__Hparam                 rparam       0000
__Hpowerup               powerup      11C2
__Hram                   ram          0000
__Hramtop                ramtop       0800
__Hrbit                  rbit         0000
__Hrbss                  rbss         0000
__Hrdata                 rdata        0000
__Hreset_vec             reset_vec    1004
__Hrparam                rparam       0000
__Hsfr                   sfr          0000
__Hsivt_hi               sivt_hi      0000
__Hsivt_lo               sivt_lo      0000
__Hsmallconst            smallconst   11E8
__Hspace_0               (abs)        14A8
__Hspace_1               (abs)        0028
__Hspace_2               (abs)        0000
__Hspace_4               (abs)        0000
__Hstack                 stack        0000
__Hstruct                struct       0000
__Htemp                  temp         0028
__Htext                  text         0000
__Htext0                 text0        0000
__Htext1                 text1        0000
__Htext2                 text2        0000
__Htext4                 text4        0000
__Htext5                 text5        0000
__LRAM                   (abs)        0001
__L__absolute__          __absolute__ 0000
__L_firma_text           _firma_text  1006
__Labs1                  abs1         0000
__Lbank0                 bank0        0000
__Lbank1                 bank1        0000
__Lbank2                 bank2        0000
__Lbank3                 bank3        0000
__Lbank4                 bank4        0000
__Lbank5                 bank5        0000
__Lbank6                 bank6        0000
__Lbank7                 bank7        0000
__Lbigbss                bigbss       0000
__Lbigdata               bigdata      0000
__Lbigram                bigram       0000
__Lbigsfr                bigsfr       0000
__Lbss                   bss          0000
__LbssCOMRAM             bssCOMRAM    0000
__Lcinit                 cinit        0000
__Lclrtext               clrtext      0000
__Lcomram                comram       0000
__Lconfig                config       0000
__Lconst                 const        0000
__LcstackCOMRAM          cstackCOMRAM 0000
__Ldata                  data         0000
__Leeprom_data           eeprom_data  0000
__Lfarbss                farbss       0000
__Lfardata               fardata      0000
__Lheap                  heap         0000
__Libigdata              ibigdata     0000
__Lidata                 idata        0000
__Lidloc                 idloc        0000
__Lifardata              ifardata     0000
__Linit                  init         11C2
__Lintcode               intcode      1004
__Lintcode_body          intcode_body 0000
__Lintcodelo             intcodelo    1018
__Lintentry              intentry     0000
__Lintret                intret       0000
__Lintsave_regs          intsave_regs 0000
__Lirdata                irdata       0000
__Lmediumconst           mediumconst  0000
__LnvCOMRAM              nvCOMRAM     0000
__LnvFARRAM              nvFARRAM     0000
__Lnvbit                 nvbit        0000
__Lnvrram                nvrram       0000
__Lparam                 rparam       0000
__Lpowerup               powerup      11C2
__Lram                   ram          0000
__Lramtop                ramtop       0800
__Lrbit                  rbit         0000
__Lrbss                  rbss         0000
__Lrdata                 rdata        0000
__Lreset_vec             reset_vec    1000
__Lrparam                rparam       0000
__Lsfr                   sfr          0000
__Lsivt_hi               sivt_hi      0000
__Lsivt_lo               sivt_lo      0000
__Lsmallconst            smallconst   11C6
__Lspace_0               (abs)        0000
__Lspace_1               (abs)        0000
__Lspace_2               (abs)        0000
__Lspace_4               (abs)        0000
__Lstack                 stack        0000
__Lstruct                struct       0000
__Ltemp                  temp         0027
__Ltext                  text         0000
__Ltext0                 text0        0000
__Ltext1                 text1        0000
__Ltext2                 text2        0000
__Ltext4                 text4        0000
__Ltext5                 text5        0000
__S0                     (abs)        14A8
__S1                     (abs)        0028
__S4                     (abs)        0000
__S5                     (abs)        0000
___heap_hi               (abs)        0000
___heap_lo               (abs)        0000
___inthi_sp              stack        0000
___inthi_stack_hi        stack        0000
___inthi_stack_lo        stack        0000
___intlo_sp              stack        0000
___intlo_stack_hi        stack        0000
___intlo_stack_lo        stack        0000
___param_bank            (abs)        0000
___rparam_used           (abs)        0001
___sp                    stack        0000
___stack_hi              stack        0000
___stack_lo              stack        0000
__accesstop              (abs)        0060
__activetblptr           (abs)        0002
__end_of__initialization cinit        149A
__end_of_c1              smallconst   11E7
__end_of_c2              smallconst   11E3
__end_of_c3              smallconst   11DF
__end_of_c4              smallconst   11DB
__end_of_conf_wig        text2        148E
__end_of_config          text1        13CA
__end_of_det_fila        text5        146E
__end_of_firma           _firma_text  1008
__end_of_lint            intcodelo    11C2
__end_of_main            text0        1338
__end_of_segmentos       smallconst   11D7
__end_of_shift           text4        141E
__initialization         cinit        148E
__mediumconst            mediumconst  0000
__p_firma_text           _firma_text  1006
__pbssCOMRAM             bssCOMRAM    0001
__pcinit                 cinit        148E
__pcstackCOMRAM          cstackCOMRAM 0016
__pintcodelo             intcodelo    1018
__pnvCOMRAM              nvCOMRAM     0026
__psmallconst            smallconst   11C6
__ptext0                 text0        11E8
__ptext1                 text1        1338
__ptext2                 text2        146E
__ptext4                 text4        13CA
__ptext5                 text5        141E
__ramtop                 ramtop       0800
__smallconst             smallconst   11C6
_c1                      smallconst   11E3
_c2                      smallconst   11DF
_c3                      smallconst   11DB
_c4                      smallconst   11D7
_conf_wig                text2        146E
_config                  text1        1338
_d1                      bssCOMRAM    000F
_d2                      bssCOMRAM    000E
_d3                      bssCOMRAM    000D
_d4                      bssCOMRAM    000C
_det_fila                text5        141E
_firma                   _firma_text  1006
_firma_absaddr           (abs)        1006
_lint                    intcodelo    1018
_main                    text0        11E8
_nbits                   bssCOMRAM    0014
_nbits0                  bssCOMRAM    0013
_nbits1                  bssCOMRAM    0012
_p_imp                   bssCOMRAM    0011
_p_par                   bssCOMRAM    0010
_segmentos               smallconst   11C7
_shift                   text4        13CA
_tecla                   nvCOMRAM     0026
_timeout                 bssCOMRAM    0015
_w_ceros                 bssCOMRAM    0007
_w_unos                  bssCOMRAM    0009
_wig_val                 bssCOMRAM    0001
btemp                    temp         0027
det_fila@fila            cstackCOMRAM 0016
end_of_initialization    cinit        149A
int$flags                temp         0027
intlevel0                text         0000
intlevel1                text         0000
intlevel2                text         0000
intlevel3                text         0000
isa$std                  (abs)        0001
isa$xinst                (abs)        0000
lint@fila                cstackCOMRAM 0022
lint@rota                bssCOMRAM    000B
main@contador_digitos    cstackCOMRAM 0025
shift@dato               cstackCOMRAM 0017
shift@k                  cstackCOMRAM 0016
shift@n                  cstackCOMRAM 0018
stackhi                  (abs)        0000
stacklo                  (abs)        0000
start                    init         11C2
start_initialization     cinit        148E
ttemp5                   temp         0028
ttemp6                   temp         002B
ttemp7                   temp         002F
wtemp8                   temp         0028


MODULE INFORMATION

Module		Function		Class		Link	Load	Size
wiegand.c
		_conf_wig      		CODE           	146E	0000	32

wiegand.c estimated size: 32

config.c
		_config        		CODE           	1338	0000	146

config.c estimated size: 146

shared
		_c1            		SMALLCONST     	11E3	0000	4
		_c2            		SMALLCONST     	11DF	0000	4
		_c3            		SMALLCONST     	11DB	0000	4
		_c4            		SMALLCONST     	11D7	0000	4
		_segmentos     		SMALLCONST     	11C7	0000	16
		_firma         		CODE           	1006	0000	2
		__initialization		CODE           	148E	0000	12

shared estimated size: 46

main_display_teclado_wiegand.c
		_lint          		CODE           	1018	0000	426
		_main          		CODE           	11E8	0000	336
		_det_fila      		CODE           	141E	0000	80
		_shift         		CODE           	13CA	0000	84

main_display_teclado_wiegand.c estimated size: 926

