Microchip MPLAB XC8 Compiler V2.46

Linker command line:

-W-3 \
  --edf=C:\Program Files\Microchip\xc8\v2.46\pic\dat\20240104201356_en.msgs \
  -cn -h+dist/default/production\telcado_display_wiegand.X.production.sym \
  --cmf=dist/default/production\telcado_display_wiegand.X.production.cmf -z \
  -Q18F45K50 -oC:\Users\joseg\AppData\Local\Temp\xcAsdpo.\driver_tmp_3.o \
  --defsym=__MPLAB_BUILD=1 --fixupoverflow=error \
  -Mdist/default/production/telcado_display_wiegand.X.production.map \
  --md=C:\Users\joseg\AppData\Local\Temp\xcAsdpo.\driver_tmp_0.dat -E1 \
  -ver=XC8 Compiler --acfsm=1493 -p_firma_text=1006h -ACODE=01000h-07FFFh \
  -ACONST=01000h-07FFFh -ASMALLCONST=01000h-010FFhx112 \
  -AMEDIUMCONST=01000h-07FFFh -ACOMRAM=01h-05Fh -AABS1=00h-07FFh \
  -ABIGRAM=01h-07FFh -ARAM=060h-0FFh,0100h-01FFhx7 -ABANK0=060h-0FFh \
  -ABANK1=0100h-01FFh -ABANK2=0200h-02FFh -ABANK3=0300h-03FFh \
  -ABANK4=0400h-04FFh -ABANK5=0500h-05FFh -ABANK6=0600h-06FFh \
  -ABANK7=0700h-07FFh -ASFR=0F53h-0F5Fh,0F60h-0FFFh -ABIGSFR=0F53h-0FFFh \
  -ACONFIG=0300000h-030000Dh -AIDLOC=0200000h-0200007h \
  -AEEDATA=0F00000h-0F000FFh -peeprom_data=EEDATA \
  -preset_vec=01000h,intcode=1008h,intcodelo=1018h,powerup,init \
  -pramtop=0800h -psmallconst=SMALLCONST -pmediumconst=MEDIUMCONST \
  -pconst=CONST -AFARRAM=00h-00h \
  -prdata=COMRAM,nvrram=COMRAM,nvbit=COMRAM,rbss=COMRAM,rbit=COMRAM \
  -pfarbss=FARRAM,fardata=FARRAM,nvFARRAM=FARRAM \
  -pintsave_regs=BIGRAM,bigbss=BIGRAM,bigdata=BIGRAM -pbss=RAM \
  -pidata=CODE,irdata=CODE,ibigdata=CODE,ifardata=CODE -prparam=COMRAM \
  C:\Users\joseg\AppData\Local\Temp\xcAsdpo.\driver_tmp_9.o \
  dist/default/production\telcado_display_wiegand.X.production.o 

Object code version is 3.11

Machine type is 18F45K50



                Name                               Link     Load   Length Selector   Space Scale
C:\Users\joseg\AppData\Local\Temp\xcAsdpo.\driver_tmp_9.o
                init                               10CC     10CC        4      80C       0
                reset_vec                          1000     1000        4      800       0
dist/default/production\telcado_display_wiegand.X.production.o
                intcodelo                          1018     1018       B4      80C       0
                intcode                            1008     1008        6      804       0
                temp                                 47       47        1        1       1
                mediumconst                        10D0     10D0      13E      868       0
                text19                             1828     1828       82      907       0
                text18                             18AA     18AA       7C      907       0
                intcode_body                       16F4     16F4       A2      907       0
                text15                             1A04     1A04       6C      907       0
                text14                             1998     1998       6C      907       0
                text13                             1BD4     1BD4       2C      907       0
                text12                             120E     120E      14E      907       0
                text11                             1ADA     1ADA       5E      907       0
                text10                             1C00     1C00       20      907       0
                text9                              1796     1796       92      907       0
                text8                              1B38     1B38       54      907       0
                text7                              1650     1650       A4      907       0
                text6                              1B8C     1B8C       48      907       0
                text5                              1C3A     1C3A       14      907       0
                text4                              135C     135C      13C      907       0
                text3                              1498     1498      106      907       0
                text2                              159E     159E       B2      907       0
                text1                              1926     1926       72      907       0
                text0                              1A70     1A70       6A      907       0
                cstackCOMRAM                         28       28       1F        1       1
                bssCOMRAM                             1        1       27        1       1
                cinit                              1C20     1C20       1A      907       0
                _firma_text                        1006     1006        2      803       0

TOTAL           Name                               Link     Load   Length     Space
        CLASS   CODE           
                intcodelo                          1018     1018       B4         0
                intcode                            1008     1008        6         0
                init                               10CC     10CC        4         0
                reset_vec                          1000     1000        4         0
                text19                             1828     1828       82         0
                text18                             18AA     18AA       7C         0
                intcode_body                       16F4     16F4       A2         0
                text15                             1A04     1A04       6C         0
                text14                             1998     1998       6C         0
                text13                             1BD4     1BD4       2C         0
                text12                             120E     120E      14E         0
                text11                             1ADA     1ADA       5E         0
                text10                             1C00     1C00       20         0
                text9                              1796     1796       92         0
                text8                              1B38     1B38       54         0
                text7                              1650     1650       A4         0
                text6                              1B8C     1B8C       48         0
                text5                              1C3A     1C3A       14         0
                text4                              135C     135C      13C         0
                text3                              1498     1498      106         0
                text2                              159E     159E       B2         0
                text1                              1926     1926       72         0
                text0                              1A70     1A70       6A         0
                cinit                              1C20     1C20       1A         0
                _firma_text                        1006     1006        2         0

        CLASS   CONST          

        CLASS   SMALLCONST     

        CLASS   MEDIUMCONST    
                mediumconst                        10D0     10D0      13E         0

        CLASS   COMRAM         
                temp                                 47       47        1         1
                cstackCOMRAM                         28       28       1F         1
                bssCOMRAM                             1        1       27         1

        CLASS   ABS1           

        CLASS   BIGRAM         

        CLASS   RAM            

        CLASS   BANK0          

        CLASS   BANK1          

        CLASS   BANK2          

        CLASS   BANK3          

        CLASS   BANK4          

        CLASS   BANK5          

        CLASS   BANK6          

        CLASS   BANK7          

        CLASS   SFR            

        CLASS   BIGSFR         

        CLASS   CONFIG         

        CLASS   IDLOC          

        CLASS   EEDATA         

        CLASS   FARRAM         

        CLASS   HEAP           

        CLASS   STACK          



SEGMENTS        Name                           Load    Length   Top    Selector   Space  Class

                bssCOMRAM                      000001  000047  000048         1       1  COMRAM  
                reset_vec                      001000  000004  001004       800       0  CODE    
                _firma_text                    001006  000002  001008       803       0  CODE    
                intcode                        001008  000006  00100E       804       0  CODE    
                intcodelo                      001018  0000B8  0010D0       80C       0  CODE    
                mediumconst                    0010D0  00013E  00120E       868       0  MEDIUMCO
                text12                         00120E  000A40  001C4E       907       0  CODE    


UNUSED ADDRESS RANGES

        Name                Unused          Largest block    Delta
        BANK0            0060-00FF             A0
        BANK1            0100-01FF            100
        BANK2            0200-02FF            100
        BANK3            0300-03FF            100
        BANK4            0400-04FF            100
        BANK5            0500-05FF            100
        BANK6            0600-06FF            100
        BANK7            0700-07FF            100
        BIGRAM           0048-07FF            7B8
        BIGSFR           0F53-0FFF             AD
        CODE             1004-1005              2
                         100E-1017              A
                         1C4E-7FFF           63B2
        COMRAM           0048-005F             18
        CONFIG           300000-30000D              E
        CONST            1004-1005              2
                         100E-1017              A
                         1C4E-7FFF           63B2
        EEDATA           F00000-F000FF            100
        FARRAM           0000-0000              1
        IDLOC            200000-200007              8
        MEDIUMCONST      1004-1005              2
                         100E-1017              A
                         1C4E-7FFF           63B2
        RAM              0060-07FF            100
        SFR              0F53-0FFF              D
        SMALLCONST       1004-1005              2
                         100E-1017              A
                         1C4E-7FFF            100

                                  Symbol Table

_ANSELA                         (abs)        0F5B
_ANSELAbits                     (abs)        0F5B
_ANSELB                         (abs)        0F5C
_ANSELC                         (abs)        0F5D
_ANSELD                         (abs)        0F5E
_ANSELE                         (abs)        0F5F
_BAUDCON1                       (abs)        0FB8
_EEADR                          (abs)        0FA9
_EECON1bits                     (abs)        0FA6
_EECON2                         (abs)        0FA7
_EEDATA                         (abs)        0FA8
_INTCON                         (abs)        0FF2
_INTCON2bits                    (abs)        0FF1
_INTCON3bits                    (abs)        0FF0
_INTCONbits                     (abs)        0FF2
_IPR1bits                       (abs)        0F9F
_LATAbits                       (abs)        0F89
_LATBbits                       (abs)        0F8A
_LATCbits                       (abs)        0F8B
_LATDbits                       (abs)        0F8C
_LATEbits                       (abs)        0F8D
_OSCCON                         (abs)        0FD3
_OSCCON2                        (abs)        0FD2
_OSCTUNE                        (abs)        0F9B
_PIE1bits                       (abs)        0F9D
_PIR1bits                       (abs)        0F9E
_PORTBbits                      (abs)        0F81
_RCONbits                       (abs)        0FD0
_RCREG1                         (abs)        0FAE
_RCSTA1bits                     (abs)        0FAB
_RCSTAbits                      (abs)        0FAB
_SPBRG1                         (abs)        0FAF
_SPBRGH1                        (abs)        0FB0
_T0CONbits                      (abs)        0FD5
_TMR0H                          (abs)        0FD7
_TMR0L                          (abs)        0FD6
_TRISAbits                      (abs)        0F92
_TRISBbits                      (abs)        0F93
_TRISCbits                      (abs)        0F94
_TRISDbits                      (abs)        0F95
_TRISE                          (abs)        0F96
_TXREG1                         (abs)        0FAD
_TXSTA1bits                     (abs)        0FAC
__HRAM                          (abs)        0000
__H__absolute__                 __absolute__ 0000
__H_firma_text                  _firma_text  1008
__Habs1                         abs1         0000
__Hbank0                        bank0        0000
__Hbank1                        bank1        0000
__Hbank2                        bank2        0000
__Hbank3                        bank3        0000
__Hbank4                        bank4        0000
__Hbank5                        bank5        0000
__Hbank6                        bank6        0000
__Hbank7                        bank7        0000
__Hbigbss                       bigbss       0000
__Hbigdata                      bigdata      0000
__Hbigram                       bigram       0000
__Hbigsfr                       bigsfr       0000
__Hbss                          bss          0000
__HbssCOMRAM                    bssCOMRAM    0000
__Hcinit                        cinit        0000
__Hclrtext                      clrtext      0000
__Hcomram                       comram       0000
__Hconfig                       config       0000
__Hconst                        const        0000
__HcstackCOMRAM                 cstackCOMRAM 0000
__Hdata                         data         0000
__Heeprom_data                  eeprom_data  0000
__Hfarbss                       farbss       0000
__Hfardata                      fardata      0000
__Hheap                         heap         0000
__Hibigdata                     ibigdata     0000
__Hidata                        idata        0000
__Hidloc                        idloc        0000
__Hifardata                     ifardata     0000
__Hinit                         init         10D0
__Hintcode                      intcode      100E
__Hintcode_body                 intcode_body 0000
__Hintcodelo                    intcodelo    10CC
__Hintentry                     intentry     0000
__Hintret                       intret       0000
__Hintsave_regs                 intsave_regs 0000
__Hirdata                       irdata       0000
__Hmediumconst                  mediumconst  120E
__HnvFARRAM                     nvFARRAM     0000
__Hnvbit                        nvbit        0000
__Hnvrram                       nvrram       0000
__Hparam                        rparam       0000
__Hpowerup                      powerup      10CC
__Hram                          ram          0000
__Hramtop                       ramtop       0800
__Hrbit                         rbit         0000
__Hrbss                         rbss         0000
__Hrdata                        rdata        0000
__Hreset_vec                    reset_vec    1004
__Hrparam                       rparam       0000
__Hsfr                          sfr          0000
__Hsivt_hi                      sivt_hi      0000
__Hsivt_lo                      sivt_lo      0000
__Hsmallconst                   smallconst   0000
__Hspace_0                      (abs)        1C4E
__Hspace_1                      (abs)        0048
__Hspace_2                      (abs)        0000
__Hspace_4                      (abs)        0000
__Hstack                        stack        0000
__Hstruct                       struct       0000
__Htemp                         temp         0048
__Htext                         text         0000
__Htext0                        text0        0000
__Htext1                        text1        0000
__Htext10                       text10       0000
__Htext11                       text11       0000
__Htext12                       text12       0000
__Htext13                       text13       0000
__Htext14                       text14       0000
__Htext15                       text15       0000
__Htext18                       text18       0000
__Htext19                       text19       0000
__Htext2                        text2        0000
__Htext3                        text3        0000
__Htext4                        text4        0000
__Htext5                        text5        0000
__Htext6                        text6        0000
__Htext7                        text7        0000
__Htext8                        text8        0000
__Htext9                        text9        0000
__LRAM                          (abs)        0001
__L__absolute__                 __absolute__ 0000
__L_firma_text                  _firma_text  1006
__Labs1                         abs1         0000
__Lbank0                        bank0        0000
__Lbank1                        bank1        0000
__Lbank2                        bank2        0000
__Lbank3                        bank3        0000
__Lbank4                        bank4        0000
__Lbank5                        bank5        0000
__Lbank6                        bank6        0000
__Lbank7                        bank7        0000
__Lbigbss                       bigbss       0000
__Lbigdata                      bigdata      0000
__Lbigram                       bigram       0000
__Lbigsfr                       bigsfr       0000
__Lbss                          bss          0000
__LbssCOMRAM                    bssCOMRAM    0000
__Lcinit                        cinit        0000
__Lclrtext                      clrtext      0000
__Lcomram                       comram       0000
__Lconfig                       config       0000
__Lconst                        const        0000
__LcstackCOMRAM                 cstackCOMRAM 0000
__Ldata                         data         0000
__Leeprom_data                  eeprom_data  0000
__Lfarbss                       farbss       0000
__Lfardata                      fardata      0000
__Lheap                         heap         0000
__Libigdata                     ibigdata     0000
__Lidata                        idata        0000
__Lidloc                        idloc        0000
__Lifardata                     ifardata     0000
__Linit                         init         10CC
__Lintcode                      intcode      1008
__Lintcode_body                 intcode_body 0000
__Lintcodelo                    intcodelo    1018
__Lintentry                     intentry     0000
__Lintret                       intret       0000
__Lintsave_regs                 intsave_regs 0000
__Lirdata                       irdata       0000
__Lmediumconst                  mediumconst  10D0
__LnvFARRAM                     nvFARRAM     0000
__Lnvbit                        nvbit        0000
__Lnvrram                       nvrram       0000
__Lparam                        rparam       0000
__Lpowerup                      powerup      10CC
__Lram                          ram          0000
__Lramtop                       ramtop       0800
__Lrbit                         rbit         0000
__Lrbss                         rbss         0000
__Lrdata                        rdata        0000
__Lreset_vec                    reset_vec    1000
__Lrparam                       rparam       0000
__Lsfr                          sfr          0000
__Lsivt_hi                      sivt_hi      0000
__Lsivt_lo                      sivt_lo      0000
__Lsmallconst                   smallconst   0000
__Lspace_0                      (abs)        0000
__Lspace_1                      (abs)        0000
__Lspace_2                      (abs)        0000
__Lspace_4                      (abs)        0000
__Lstack                        stack        0000
__Lstruct                       struct       0000
__Ltemp                         temp         0047
__Ltext                         text         0000
__Ltext0                        text0        0000
__Ltext1                        text1        0000
__Ltext10                       text10       0000
__Ltext11                       text11       0000
__Ltext12                       text12       0000
__Ltext13                       text13       0000
__Ltext14                       text14       0000
__Ltext15                       text15       0000
__Ltext18                       text18       0000
__Ltext19                       text19       0000
__Ltext2                        text2        0000
__Ltext3                        text3        0000
__Ltext4                        text4        0000
__Ltext5                        text5        0000
__Ltext6                        text6        0000
__Ltext7                        text7        0000
__Ltext8                        text8        0000
__Ltext9                        text9        0000
__S0                            (abs)        1C4E
__S1                            (abs)        0048
__S4                            (abs)        0000
__S5                            (abs)        0000
___heap_hi                      (abs)        0000
___heap_lo                      (abs)        0000
___inthi_sp                     stack        0000
___inthi_stack_hi               stack        0000
___inthi_stack_lo               stack        0000
___intlo_sp                     stack        0000
___intlo_stack_hi               stack        0000
___intlo_stack_lo               stack        0000
___param_bank                   (abs)        0000
___rparam_used                  (abs)        0001
___sp                           stack        0000
___stack_hi                     stack        0000
___stack_lo                     stack        0000
__accesstop                     (abs)        0060
__activetblptr                  (abs)        0002
__end_of__initialization        cinit        1C2C
__end_of_carga_ini              text11       1B38
__end_of_conf_wig               text10       1C20
__end_of_config                 text9        1828
__end_of_dis_abierto            text7        16F4
__end_of_dis_cerrado            text15       1A70
__end_of_firma                  _firma_text  1008
__end_of_hint                   intcode_body 1796
__end_of_lectura_tarjeta        text2        1650
__end_of_lint                   intcodelo    10CC
__end_of_main                   text0        1ADA
__end_of_mens1                  mediumconst  10E9
__end_of_permutacion_de_estados text6        1BD4
__end_of_reeprom                text5        1C4E
__end_of_segmentos              mediumconst  10F9
__end_of_shift                  text8        1B8C
__end_of_tx_232                 text14       1A04
__end_of_ver_par                text4        1498
__end_of_verificacion           text12       135C
__end_of_verificacion_ini       text1        1998
__end_of_wcero                  text19       18AA
__end_of_weeprom                text13       1C00
__end_of_wiegand                text3        159E
__end_of_wuno                   text18       1926
__initialization                cinit        1C20
__mediumconst                   mediumconst  10D0
__p_firma_text                  _firma_text  1006
__pbssCOMRAM                    bssCOMRAM    0001
__pcinit                        cinit        1C20
__pcstackCOMRAM                 cstackCOMRAM 0028
__pintcode                      intcode      1008
__pintcode_body                 intcode_body 16F4
__pintcodelo                    intcodelo    1018
__pmediumconst                  mediumconst  10D0
__ptext0                        text0        1A70
__ptext1                        text1        1926
__ptext10                       text10       1C00
__ptext11                       text11       1ADA
__ptext12                       text12       120E
__ptext13                       text13       1BD4
__ptext14                       text14       1998
__ptext15                       text15       1A04
__ptext18                       text18       18AA
__ptext19                       text19       1828
__ptext2                        text2        159E
__ptext3                        text3        1498
__ptext4                        text4        135C
__ptext5                        text5        1C3A
__ptext6                        text6        1B8C
__ptext7                        text7        1650
__ptext8                        text8        1B38
__ptext9                        text9        1796
__ramtop                        ramtop       0800
__smallconst                    smallconst   0000
_aux_de_carga_inicial           bssCOMRAM    0010
_b0                             bssCOMRAM    0025
_b1                             bssCOMRAM    0026
_b2                             bssCOMRAM    0027
_byte_de_verif                  bssCOMRAM    0024
_carga_ini                      text11       1ADA
_codigo                         bssCOMRAM    0001
_conf_wig                       text10       1C00
_config                         text9        1796
_contador_de_carga              bssCOMRAM    0012
_contador_de_lectura            bssCOMRAM    0014
_d1                             bssCOMRAM    001C
_d2                             bssCOMRAM    001B
_d3                             bssCOMRAM    001A
_d4                             bssCOMRAM    0019
_dis_abierto                    text7        1650
_dis_cerrado                    text15       1A04
_estado                         bssCOMRAM    0016
_firma                          _firma_text  1006
_firma_absaddr                  (abs)        1006
_hint                           intcode      1008
_lectura_tarjeta                text2        159E
_lint                           intcodelo    1018
_main                           text0        1A70
_mens1                          mediumconst  10D1
_nbits                          bssCOMRAM    0021
_nbits0                         bssCOMRAM    0020
_nbits1                         bssCOMRAM    001F
_p_imp                          bssCOMRAM    001E
_p_par                          bssCOMRAM    001D
_permutacion_de_estados         text6        1B8C
_reeprom                        text5        1C3A
_rota                           bssCOMRAM    0023
_segmentos                      mediumconst  10E9
_shift                          text8        1B38
_tecla                          bssCOMRAM    0018
_timeout                        bssCOMRAM    0022
_tx_232                         text14       1998
_ver_par                        text4        135C
_verificacion                   text12       120E
_verificacion_ini               text1        1926
_w_ceros                        bssCOMRAM    000C
_w_unos                         bssCOMRAM    000E
_wcero                          text19       1828
_weeprom                        text13       1BD4
_wiegand                        text3        1498
_wig_val                        bssCOMRAM    0006
_wuno                           text18       18AA
btemp                           temp         0047
end_of_initialization           cinit        1C2C
hint@rx_buf                     cstackCOMRAM 002A
int$flags                       temp         0047
int_func                        intcode_body 16F4
intlevel0                       text         0000
intlevel1                       text         0000
intlevel2                       text         0000
intlevel3                       text         0000
isa$std                         (abs)        0001
isa$xinst                       (abs)        0000
lint@pulso                      bssCOMRAM    000A
main@retorno                    cstackCOMRAM 0046
permutacion_de_estados@estados  cstackCOMRAM 0033
reeprom@dir                     cstackCOMRAM 0030
shift@dato                      cstackCOMRAM 0031
shift@k                         cstackCOMRAM 0030
shift@n                         cstackCOMRAM 0032
stackhi                         (abs)        0000
stacklo                         (abs)        0000
start                           init         10CC
start_initialization            cinit        1C20
ttemp5                          temp         0048
ttemp6                          temp         004B
ttemp7                          temp         004F
tx_232@mensaje                  cstackCOMRAM 0030
ver_par@cont                    cstackCOMRAM 003A
ver_par@unos_1                  cstackCOMRAM 0034
ver_par@unos_2                  cstackCOMRAM 0035
ver_par@wig_val2                cstackCOMRAM 0036
weeprom@dato                    cstackCOMRAM 0030
weeprom@dir                     cstackCOMRAM 0031
wiegand@b0                      cstackCOMRAM 003D
wiegand@b1                      cstackCOMRAM 003C
wiegand@b2                      cstackCOMRAM 003B
wiegand@s                       cstackCOMRAM 0042
wtemp8                          temp         0048


MODULE INFORMATION

Module		Function		Class		Link	Load	Size
wiegand.c
		_wiegand       		CODE           	1498	0000	262
		_wuno          		CODE           	18AA	0000	124
		_conf_wig      		CODE           	1C00	0000	32
		_ver_par       		CODE           	135C	0000	316
		_wcero         		CODE           	1828	0000	130

wiegand.c estimated size: 864

config.c
		_config        		CODE           	1796	0000	146

config.c estimated size: 146

shared
		_segmentos     		MEDIUMCONST    	10E9	0000	16
		_firma         		CODE           	1006	0000	2
		_mens1         		MEDIUMCONST    	10D1	0000	24
		__initialization		CODE           	1C20	0000	12

shared estimated size: 54

main_display_teclado_wiegand.c
		_hint          		CODE           	1008	0000	168
		_dis_abierto   		CODE           	1650	0000	164
		_lint          		CODE           	1018	0000	180
		_reeprom       		CODE           	1C3A	0000	20
		_tx_232        		CODE           	1998	0000	108
		_lectura_tarjeta		CODE           	159E	0000	178
		_weeprom       		CODE           	1BD4	0000	44
		_verificacion  		CODE           	120E	0000	334
		_main          		CODE           	1A70	0000	106
		_verificacion_ini		CODE           	1926	0000	114
		_carga_ini     		CODE           	1ADA	0000	94
		_permutacion_de_estados		CODE           	1B8C	0000	72
		_dis_cerrado   		CODE           	1A04	0000	108
		_shift         		CODE           	1B38	0000	84

main_display_teclado_wiegand.c estimated size: 1774

