Microchip MPLAB XC8 Compiler V2.46

Linker command line:

-W-3 \
  --edf=C:\Program Files\Microchip\xc8\v2.46\pic\dat\20240104201356_en.msgs \
  -cn \
  -h+dist/default/production\PRACTICA_3_VICTOR_FERNANDEZ.X.production.sym \
  --cmf=dist/default/production\PRACTICA_3_VICTOR_FERNANDEZ.X.production.cmf \
  -z -Q18F45K50 -oC:\Users\joseg\AppData\Local\Temp\xcAs5c8.\driver_tmp_3.o \
  --defsym=__MPLAB_BUILD=1 --fixupoverflow=error \
  -Mdist/default/production/PRACTICA_3_VICTOR_FERNANDEZ.X.production.map \
  --md=C:\Users\joseg\AppData\Local\Temp\xcAs5c8.\driver_tmp_0.dat -E1 \
  -ver=XC8 Compiler --acfsm=1493 -p_firma_text=1006h -ACODE=01000h-07FFFh \
  -ACONST=01000h-07FFFh -ASMALLCONST=01000h-010FFhx112 \
  -AMEDIUMCONST=01000h-07FFFh -ACOMRAM=01h-05Fh -AABS1=00h-07FFh \
  -ABIGRAM=01h-07FFh -ARAM=060h-0FFh,0100h-01FFhx7 -ABANK0=060h-0FFh \
  -ABANK1=0100h-01FFh -ABANK2=0200h-02FFh -ABANK3=0300h-03FFh \
  -ABANK4=0400h-04FFh -ABANK5=0500h-05FFh -ABANK6=0600h-06FFh \
  -ABANK7=0700h-07FFh -ASFR=0F53h-0F5Fh,0F60h-0FFFh -ABIGSFR=0F53h-0FFFh \
  -ACONFIG=0300000h-030000Dh -AIDLOC=0200000h-0200007h \
  -AEEDATA=0F00000h-0F000FFh -peeprom_data=EEDATA \
  -preset_vec=01000h,intcode=1008h,intcodelo=1018h,powerup,init \
  -pramtop=0800h -psmallconst=SMALLCONST -pmediumconst=MEDIUMCONST \
  -pconst=CONST -AFARRAM=00h-00h \
  -prdata=COMRAM,nvrram=COMRAM,nvbit=COMRAM,rbss=COMRAM,rbit=COMRAM \
  -pfarbss=FARRAM,fardata=FARRAM,nvFARRAM=FARRAM \
  -pintsave_regs=BIGRAM,bigbss=BIGRAM,bigdata=BIGRAM -pbss=RAM \
  -pidata=CODE,irdata=CODE,ibigdata=CODE,ifardata=CODE -prparam=COMRAM \
  C:\Users\joseg\AppData\Local\Temp\xcAs5c8.\driver_tmp_14.o \
  dist/default/production\PRACTICA_3_VICTOR_FERNANDEZ.X.production.o 

Object code version is 3.11

Machine type is 18F45K50



                Name                               Link     Load   Length Selector   Space Scale
C:\Users\joseg\AppData\Local\Temp\xcAs5c8.\driver_tmp_14.o
                idloc                            200000   200000        8        0       5
                config                           300000   300000        E        0       4
                init                               10B0     10B0        4      80C       0
                reset_vec                          1000     1000        4      800       0
dist/default/production\PRACTICA_3_VICTOR_FERNANDEZ.X.production.o
                intcodelo                          1018     1018       98      80C       0
                intcode                            1008     1008        6      804       0
                idloc                            200000   200000        8        0       5
                config                           300000   300000        E        0       4
                temp                                 5F       5F        1        1       1
                smallconst                         10B4     10B4       30      85A       0
                text18                             18A8     18A8       B0      872       0
                text17                             1D94     1D94       34      872       0
                text16                             1E42     1E42        2      F21       0
                text15                             1A06     1A06       AA      872       0
                text14                             17E4     17E4       C4      872       0
                text13                             140C     140C      312      872       0
                text12                             1CEE     1CEE       3E      872       0
                text11                             1D60     1D60       34      872       0
                text10                             1D2C     1D2C       34      872       0
                text9                              1B26     1B26       70      872       0
                text8                              1958     1958       AE      872       0
                text7                              1DF6     1DF6       26      872       0
                text6                              1C50     1C50       50      872       0
                intcode_body                       10E4     10E4      328      872       0
                text4                              171E     171E       C6      872       0
                text2                              1BFC     1BFC       54      872       0
                text1                              1AB0     1AB0       76      872       0
                text0                              1CA0     1CA0       4E      872       0
                cstackCOMRAM                          1        1       55        1       1
                cstackBANK0                          60       60       68       60       1
                cstackBANK1                         153      153       17      100       1
                dataBANK1                           100      100       2E      100       1
                bssBANK1                            12E      12E       25      100       1
                dataBANK0                            C8       C8       25       60       1
                bssCOMRAM                            56       56        9        1       1
                cinit                              1B96     1B96       66      872       0
                nvBANK0                              ED       ED        2       60       1
                _firma_text                        1006     1006        2      803       0
                idataBANK1                         1DC8     1DC8       2E      872       0
                idataBANK0                         1E1C     1E1C       25      872       0

TOTAL           Name                               Link     Load   Length     Space
        CLASS   CODE           
                intcodelo                          1018     1018       98         0
                intcode                            1008     1008        6         0
                init                               10B0     10B0        4         0
                reset_vec                          1000     1000        4         0
                text18                             18A8     18A8       B0         0
                text17                             1D94     1D94       34         0
                text16                             1E42     1E42        2         0
                text15                             1A06     1A06       AA         0
                text14                             17E4     17E4       C4         0
                text13                             140C     140C      312         0
                text12                             1CEE     1CEE       3E         0
                text11                             1D60     1D60       34         0
                text10                             1D2C     1D2C       34         0
                text9                              1B26     1B26       70         0
                text8                              1958     1958       AE         0
                text7                              1DF6     1DF6       26         0
                text6                              1C50     1C50       50         0
                intcode_body                       10E4     10E4      328         0
                text4                              171E     171E       C6         0
                text2                              1BFC     1BFC       54         0
                text1                              1AB0     1AB0       76         0
                text0                              1CA0     1CA0       4E         0
                cinit                              1B96     1B96       66         0
                _firma_text                        1006     1006        2         0
                idataBANK1                         1DC8     1DC8       2E         0
                idataBANK0                         1E1C     1E1C       25         0

        CLASS   CONST          

        CLASS   SMALLCONST     
                smallconst                         10B4     10B4       30         0

        CLASS   MEDIUMCONST    

        CLASS   COMRAM         
                temp                                 5F       5F        1         1
                cstackCOMRAM                          1        1       55         1
                bssCOMRAM                            56       56        9         1

        CLASS   ABS1           

        CLASS   BIGRAM         

        CLASS   RAM            

        CLASS   BANK0          
                cstackBANK0                          60       60       68         1
                dataBANK0                            C8       C8       25         1
                nvBANK0                              ED       ED        2         1

        CLASS   BANK1          
                cstackBANK1                         153      153       17         1
                dataBANK1                           100      100       2E         1
                bssBANK1                            12E      12E       25         1

        CLASS   BANK2          

        CLASS   BANK3          

        CLASS   BANK4          

        CLASS   BANK5          

        CLASS   BANK6          

        CLASS   BANK7          

        CLASS   SFR            

        CLASS   BIGSFR         

        CLASS   CONFIG         
                config                           300000   300000        E         4

        CLASS   IDLOC          
                idloc                            200000   200000        8         5

        CLASS   EEDATA         

        CLASS   FARRAM         

        CLASS   HEAP           

        CLASS   STACK          



SEGMENTS        Name                           Load    Length   Top    Selector   Space  Class

                cstackCOMRAM                   000001  00005F  000060         1       1  COMRAM  
                cstackBANK0                    000060  00008F  0000EF        60       1  BANK0   
                dataBANK1                      000100  00006A  00016A       100       1  BANK1   
                reset_vec                      001000  000004  001004       800       0  CODE    
                _firma_text                    001006  000002  001008       803       0  CODE    
                intcode                        001008  000006  00100E       804       0  CODE    
                intcodelo                      001018  00009C  0010B4       80C       0  CODE    
                smallconst                     0010B4  000030  0010E4       85A       0  SMALLCON
                intcode_body                   0010E4  000D5D  001E41       872       0  CODE    
                text16                         001E42  000002  001E44       F21       0  CODE    


UNUSED ADDRESS RANGES

        Name                Unused          Largest block    Delta
        BANK0            0000EF-0000FF               11
        BANK1            00016A-0001FF               96
        BANK2            000200-0002FF              100
        BANK3            000300-0003FF              100
        BANK4            000400-0004FF              100
        BANK5            000500-0005FF              100
        BANK6            000600-0006FF              100
        BANK7            000700-0007FF              100
        BIGRAM           0000EF-0000FF               11
                         00016A-0007FF              696
        BIGSFR           000F53-000FFF               AD
        CODE             001004-001005                2
                         00100E-001017                A
                         001E41-001E41                1
                         001E44-007FFF             61BC
        CONST            001004-001005                2
                         00100E-001017                A
                         001E41-001E41                1
                         001E44-007FFF             61BC
        EEDATA           F00000-F000FF              100
        FARRAM           000000-000000                1
        MEDIUMCONST      001004-001005                2
                         00100E-001017                A
                         001E41-001E41                1
                         001E44-007FFF             61BC
        RAM              0000EF-0000FF               11
                         00016A-0007FF              100
        SFR              000F53-000FFF                D
        SMALLCONST       001004-001005                2
                         00100E-001017                A
                         001E41-001E41                1
                         001E44-007FFF              100

                                  Symbol Table

?___awdiv                 cstackBANK1  000153
?___awmod                 cstackCOMRAM 000001
?___wmul                  cstackCOMRAM 000001
?_abs                     cstackCOMRAM 000007
?_sprintf                 cstackCOMRAM 00001C
?_strlen                  cstackCOMRAM 000001
?_vfprintf                cstackCOMRAM 000018
?i2___awdiv               cstackCOMRAM 000001
Envia_cadena@buffer       cstackBANK0  000060
Envia_cadena@cantidad     cstackBANK0  0000C4
Envia_cadena@i            cstackBANK0  0000C6
Envia_cadena@texto        cstackCOMRAM 00002D
Envia_text@i              cstackBANK1  000163
Envia_text@num_let        cstackBANK1  000160
Envia_text@texto          cstackBANK1  00015E
Envia_tiempo@buffer       cstackCOMRAM 000030
Envia_tiempo@cant_digitos cstackCOMRAM 00003A
Envia_tiempo@i            cstackCOMRAM 00003E
Envia_tiempo@tiempo       cstackCOMRAM 00002D
Envia_tiempo@tiempo1      cstackCOMRAM 00003C
_ANSELA                   (abs)        000F5B
_ANSELB                   (abs)        000F5C
_ANSELC                   (abs)        000F5D
_ANSELD                   (abs)        000F5E
_ANSELE                   (abs)        000F5F
_BAUDCON1                 (abs)        000FB8
_Envia_cadena             text9        001B26
_Envia_text               text2        001BFC
_Envia_tiempo             text8        001958
_INTCON                   (abs)        000FF2
_INTCON2bits              (abs)        000FF1
_INTCONbits               (abs)        000FF2
_LATA                     (abs)        000F89
_OSCCON                   (abs)        000FD3
_OSCCON2                  (abs)        000FD2
_OSCTUNE                  (abs)        000F9B
_PIR1bits                 (abs)        000F9E
_RCONbits                 (abs)        000FD0
_RCREG1                   (abs)        000FAE
_RCSTA1bits               (abs)        000FAB
_RCSTAbits                (abs)        000FAB
_SPBRG1                   (abs)        000FAF
_SPBRGH1                  (abs)        000FB0
_T0CONbits                (abs)        000FD5
_TMR0H                    (abs)        000FD7
_TMR0L                    (abs)        000FD6
_TRISA                    (abs)        000F92
_TRISB                    (abs)        000F93
_TRISC                    (abs)        000F94
_TRISD                    (abs)        000F95
_TRISE                    (abs)        000F96
_TXREG1                   (abs)        000FAD
_TXSTA1bits               (abs)        000FAC
__HRAM                    (abs)        000000
__H__absolute__           __absolute__ 000000
__H_firma_text            _firma_text  001008
__Habs1                   abs1         000000
__Hbank0                  bank0        000000
__Hbank1                  bank1        000000
__Hbank2                  bank2        000000
__Hbank3                  bank3        000000
__Hbank4                  bank4        000000
__Hbank5                  bank5        000000
__Hbank6                  bank6        000000
__Hbank7                  bank7        000000
__Hbigbss                 bigbss       000000
__Hbigdata                bigdata      000000
__Hbigram                 bigram       000000
__Hbigsfr                 bigsfr       000000
__Hbss                    bss          000000
__HbssBANK1               bssBANK1     000000
__HbssCOMRAM              bssCOMRAM    000000
__Hcinit                  cinit        000000
__Hclrtext                clrtext      000000
__Hcomram                 comram       000000
__Hconfig                 config       30000E
__Hconst                  const        000000
__HcstackBANK0            cstackBANK0  000000
__HcstackBANK1            cstackBANK1  000000
__HcstackCOMRAM           cstackCOMRAM 000000
__Hdata                   data         000000
__HdataBANK0              dataBANK0    000000
__HdataBANK1              dataBANK1    000000
__Heeprom_data            eeprom_data  000000
__Hfarbss                 farbss       000000
__Hfardata                fardata      000000
__Hheap                   heap         000000
__Hibigdata               ibigdata     000000
__Hidata                  idata        000000
__HidataBANK0             idataBANK0   000000
__HidataBANK1             idataBANK1   000000
__Hidloc                  idloc        200008
__Hifardata               ifardata     000000
__Hinit                   init         0010B4
__Hintcode                intcode      00100E
__Hintcode_body           intcode_body 000000
__Hintcodelo              intcodelo    0010B0
__Hintentry               intentry     000000
__Hintret                 intret       000000
__Hintsave_regs           intsave_regs 000000
__Hirdata                 irdata       000000
__Hmediumconst            mediumconst  000000
__HnvBANK0                nvBANK0      000000
__HnvFARRAM               nvFARRAM     000000
__Hnvbit                  nvbit        000000
__Hnvrram                 nvrram       000000
__Hparam                  rparam       000000
__Hpowerup                powerup      0010B0
__Hram                    ram          000000
__Hramtop                 ramtop       000800
__Hrbit                   rbit         000000
__Hrbss                   rbss         000000
__Hrdata                  rdata        000000
__Hreset_vec              reset_vec    001004
__Hrparam                 rparam       000000
__Hsfr                    sfr          000000
__Hsivt_hi                sivt_hi      000000
__Hsivt_lo                sivt_lo      000000
__Hsmallconst             smallconst   0010E4
__Hspace_0                (abs)        001E44
__Hspace_1                (abs)        00016A
__Hspace_2                (abs)        000000
__Hspace_4                (abs)        60000E
__Hstack                  stack        000000
__Hstruct                 struct       000000
__Htemp                   temp         000060
__Htext                   text         000000
__Htext0                  text0        000000
__Htext1                  text1        000000
__Htext10                 text10       000000
__Htext11                 text11       000000
__Htext12                 text12       000000
__Htext13                 text13       000000
__Htext14                 text14       000000
__Htext15                 text15       000000
__Htext16                 text16       000000
__Htext17                 text17       000000
__Htext18                 text18       000000
__Htext2                  text2        000000
__Htext4                  text4        000000
__Htext6                  text6        000000
__Htext7                  text7        000000
__Htext8                  text8        000000
__Htext9                  text9        000000
__LRAM                    (abs)        000001
__L__absolute__           __absolute__ 000000
__L_firma_text            _firma_text  001006
__Labs1                   abs1         000000
__Lbank0                  bank0        000000
__Lbank1                  bank1        000000
__Lbank2                  bank2        000000
__Lbank3                  bank3        000000
__Lbank4                  bank4        000000
__Lbank5                  bank5        000000
__Lbank6                  bank6        000000
__Lbank7                  bank7        000000
__Lbigbss                 bigbss       000000
__Lbigdata                bigdata      000000
__Lbigram                 bigram       000000
__Lbigsfr                 bigsfr       000000
__Lbss                    bss          000000
__LbssBANK1               bssBANK1     000000
__LbssCOMRAM              bssCOMRAM    000000
__Lcinit                  cinit        000000
__Lclrtext                clrtext      000000
__Lcomram                 comram       000000
__Lconfig                 config       000000
__Lconst                  const        000000
__LcstackBANK0            cstackBANK0  000000
__LcstackBANK1            cstackBANK1  000000
__LcstackCOMRAM           cstackCOMRAM 000000
__Ldata                   data         000000
__LdataBANK0              dataBANK0    000000
__LdataBANK1              dataBANK1    000000
__Leeprom_data            eeprom_data  000000
__Lfarbss                 farbss       000000
__Lfardata                fardata      000000
__Lheap                   heap         000000
__Libigdata               ibigdata     000000
__Lidata                  idata        000000
__LidataBANK0             idataBANK0   000000
__LidataBANK1             idataBANK1   000000
__Lidloc                  idloc        000000
__Lifardata               ifardata     000000
__Linit                   init         0010B0
__Lintcode                intcode      001008
__Lintcode_body           intcode_body 000000
__Lintcodelo              intcodelo    001018
__Lintentry               intentry     000000
__Lintret                 intret       000000
__Lintsave_regs           intsave_regs 000000
__Lirdata                 irdata       000000
__Lmediumconst            mediumconst  000000
__LnvBANK0                nvBANK0      000000
__LnvFARRAM               nvFARRAM     000000
__Lnvbit                  nvbit        000000
__Lnvrram                 nvrram       000000
__Lparam                  rparam       000000
__Lpowerup                powerup      0010B0
__Lram                    ram          000000
__Lramtop                 ramtop       000800
__Lrbit                   rbit         000000
__Lrbss                   rbss         000000
__Lrdata                  rdata        000000
__Lreset_vec              reset_vec    001000
__Lrparam                 rparam       000000
__Lsfr                    sfr          000000
__Lsivt_hi                sivt_hi      000000
__Lsivt_lo                sivt_lo      000000
__Lsmallconst             smallconst   0010B4
__Lspace_0                (abs)        000000
__Lspace_1                (abs)        000000
__Lspace_2                (abs)        000000
__Lspace_4                (abs)        000000
__Lstack                  stack        000000
__Lstruct                 struct       000000
__Ltemp                   temp         00005F
__Ltext                   text         000000
__Ltext0                  text0        000000
__Ltext1                  text1        000000
__Ltext10                 text10       000000
__Ltext11                 text11       000000
__Ltext12                 text12       000000
__Ltext13                 text13       000000
__Ltext14                 text14       000000
__Ltext15                 text15       000000
__Ltext16                 text16       000000
__Ltext17                 text17       000000
__Ltext18                 text18       000000
__Ltext2                  text2        000000
__Ltext4                  text4        000000
__Ltext6                  text6        000000
__Ltext7                  text7        000000
__Ltext8                  text8        000000
__Ltext9                  text9        000000
__S0                      (abs)        001E44
__S1                      (abs)        00016A
__S4                      (abs)        000000
__S5                      (abs)        000000
___awdiv                  text4        00171E
___awdiv@counter          cstackBANK1  000157
___awdiv@dividend         cstackBANK1  000153
___awdiv@divisor          cstackBANK1  000155
___awdiv@quotient         cstackBANK1  000159
___awdiv@sign             cstackBANK1  000158
___awmod                  text18       0018A8
___awmod@counter          cstackCOMRAM 000005
___awmod@dividend         cstackCOMRAM 000001
___awmod@divisor          cstackCOMRAM 000003
___awmod@sign             cstackCOMRAM 000006
___heap_hi                (abs)        000000
___heap_lo                (abs)        000000
___inthi_sp               stack        000000
___inthi_stack_hi         stack        000000
___inthi_stack_lo         stack        000000
___intlo_sp               stack        000000
___intlo_stack_hi         stack        000000
___intlo_stack_lo         stack        000000
___param_bank             (abs)        000000
___rparam_used            (abs)        000001
___sp                     stack        000000
___stack_hi               stack        000000
___stack_lo               stack        000000
___wmul                   text7        001DF6
___wmul@multiplicand      cstackCOMRAM 000003
___wmul@multiplier        cstackCOMRAM 000001
___wmul@product           cstackCOMRAM 000005
__accesstop               (abs)        000060
__activetblptr            (abs)        000002
__end_of_Envia_cadena     text9        001B96
__end_of_Envia_text       text2        001C50
__end_of_Envia_tiempo     text8        001A06
__end_of___awdiv          text4        0017E4
__end_of___awmod          text18       001958
__end_of___wmul           text7        001E1C
__end_of__initialization  cinit        001BEE
__end_of_abs              text17       001DC8
__end_of_config           text1        001B26
__end_of_firma            _firma_text  001008
__end_of_fputc            text15       001AB0
__end_of_hint             intcode_body 00140C
__end_of_lint             intcodelo    0010B0
__end_of_main             text0        001CEE
__end_of_putch            text16       001E44
__end_of_sprintf          text11       001D94
__end_of_strlen           text10       001D60
__end_of_vfpfcnvrt        text13       00171E
__end_of_vfprintf         text12       001D2C
__end_ofi2_Envia_text     text6        001CA0
__end_ofi2___awdiv        text14       0018A8
__initialization          cinit        001B96
__mediumconst             mediumconst  000000
__p_firma_text            _firma_text  001006
__pbssBANK1               bssBANK1     00012E
__pbssCOMRAM              bssCOMRAM    000056
__pcinit                  cinit        001B96
__pcstackBANK0            cstackBANK0  000060
__pcstackBANK1            cstackBANK1  000153
__pcstackCOMRAM           cstackCOMRAM 000001
__pdataBANK0              dataBANK0    0000C8
__pdataBANK1              dataBANK1    000100
__pidataBANK0             idataBANK0   001E1C
__pidataBANK1             idataBANK1   001DC8
__pintcode                intcode      001008
__pintcode_body           intcode_body 0010E4
__pintcodelo              intcodelo    001018
__pnvBANK0                nvBANK0      0000ED
__psmallconst             smallconst   0010B4
__ptext0                  text0        001CA0
__ptext1                  text1        001AB0
__ptext10                 text10       001D2C
__ptext11                 text11       001D60
__ptext12                 text12       001CEE
__ptext13                 text13       00140C
__ptext14                 text14       0017E4
__ptext15                 text15       001A06
__ptext16                 text16       001E42
__ptext17                 text17       001D94
__ptext18                 text18       0018A8
__ptext2                  text2        001BFC
__ptext4                  text4        00171E
__ptext6                  text6        001C50
__ptext7                  text7        001DF6
__ptext8                  text8        001958
__ptext9                  text9        001B26
__ramtop                  ramtop       000800
__smallconst              smallconst   0010B4
_abs                      text17       001D94
_acumulador               bssCOMRAM    00005C
_carac_rx                 bssCOMRAM    00005A
_config                   text1        001AB0
_contador                 bssBANK1     000150
_cuenta                   bssBANK1     000152
_datos_rec                dataBANK1    000100
_dbuf                     bssBANK1     00012E
_error                    dataBANK0    0000E8
_firma                    _firma_text  001006
_firma_absaddr            (abs)        001006
_flags                    bssCOMRAM    00005E
_form_tiempo1             dataBANK0    0000DE
_form_tiempo2             dataBANK0    0000D7
_fputc                    text15       001A06
_hint                     intcode      001008
_lint                     intcodelo    001018
_listo                    dataBANK1    00011B
_main                     text0        001CA0
_ms                       dataBANK0    0000E5
_num_int                  bssBANK1     00014E
_prec                     bssCOMRAM    000058
_putch                    text16       001E42
_sprintf                  text11       001D60
_strlen                   text10       001D2C
_tiempo                   nvBANK0      0000ED
_tiempo_actual            dataBANK0    0000C8
_vfpfcnvrt                text13       00140C
_vfprintf                 text12       001CEE
_width                    bssCOMRAM    000056
abs@a                     cstackCOMRAM 000007
btemp                     temp         00005F
end_of_initialization     cinit        001BEE
fputc@c                   cstackCOMRAM 000001
fputc@fp                  cstackCOMRAM 000003
hint@numero               cstackCOMRAM 00004B
hint@numero_335           cstackCOMRAM 00004D
hint@rx_buf               cstackCOMRAM 000055
hint@texto2               cstackCOMRAM 000050
hint@texto3               cstackCOMRAM 000051
hint@texto4               cstackCOMRAM 000052
hint@texto5               cstackCOMRAM 000053
hint@texto6               cstackCOMRAM 000054
hint@textot               cstackCOMRAM 00004F
i2Envia_text@i            cstackCOMRAM 000006
i2Envia_text@num_let      cstackCOMRAM 000003
i2Envia_text@texto        cstackCOMRAM 000001
i2_Envia_text             text6        001C50
i2___awdiv                text14       0017E4
i2___awdiv@counter        cstackCOMRAM 000005
i2___awdiv@dividend       cstackCOMRAM 000001
i2___awdiv@divisor        cstackCOMRAM 000003
i2___awdiv@quotient       cstackCOMRAM 000007
i2___awdiv@sign           cstackCOMRAM 000006
int$flags                 temp         00005F
int_func                  intcode_body 0010E4
intlevel0                 text         000000
intlevel1                 text         000000
intlevel2                 text         000000
intlevel3                 text         000000
isa$std                   (abs)        000001
isa$xinst                 (abs)        000000
sprintf@ap                cstackCOMRAM 000020
sprintf@f                 cstackCOMRAM 000021
sprintf@fmt               cstackCOMRAM 00001D
sprintf@s                 cstackCOMRAM 00001C
stackhi                   (abs)        000000
stacklo                   (abs)        000000
start                     init         0010B0
start_initialization      cinit        001B96
strlen@a                  cstackCOMRAM 000003
strlen@s                  cstackCOMRAM 000001
ttemp5                    temp         000060
ttemp6                    temp         000063
ttemp7                    temp         000067
vfpfcnvrt@ap              cstackCOMRAM 00000D
vfpfcnvrt@c               cstackCOMRAM 000017
vfpfcnvrt@convarg         cstackCOMRAM 000013
vfpfcnvrt@cp              cstackCOMRAM 000012
vfpfcnvrt@cp_1222         cstackCOMRAM 00000F
vfpfcnvrt@done            cstackCOMRAM 000011
vfpfcnvrt@fmt             cstackCOMRAM 00000C
vfpfcnvrt@fp              cstackCOMRAM 00000B
vfprintf@ap               cstackCOMRAM 00001A
vfprintf@cfmt             cstackCOMRAM 00001B
vfprintf@fmt              cstackCOMRAM 000019
vfprintf@fp               cstackCOMRAM 000018
wtemp8                    temp         000060


MODULE INFORMATION

Module		Function		Class		Link	Load	Size
C:\Program Files\Microchip\xc8\v2.46\pic\sources\c99\common\nf_fputc.c
		_fputc         		CODE           	1A06	0000	170

C:\Program Files\Microchip\xc8\v2.46\pic\sources\c99\common\nf_fputc.c estimated size: 170

C:\Program Files\Microchip\xc8\v2.46\pic\sources\c99\common\awdiv.c
		___awdiv       		CODE           	171E	0000	198

C:\Program Files\Microchip\xc8\v2.46\pic\sources\c99\common\awdiv.c estimated size: 198

C:\Program Files\Microchip\xc8\v2.46\pic\sources\c99\common\strlen.c
		_strlen        		CODE           	1D2C	0000	52

C:\Program Files\Microchip\xc8\v2.46\pic\sources\c99\common\strlen.c estimated size: 52

config.c
		_config        		CODE           	1AB0	0000	118

config.c estimated size: 118

C:\Program Files\Microchip\xc8\v2.46\pic\sources\c99\common\doprnt.c
		_vfpfcnvrt     		CODE           	140C	0000	786
		_vfprintf      		CODE           	1CEE	0000	62

C:\Program Files\Microchip\xc8\v2.46\pic\sources\c99\common\doprnt.c estimated size: 848

C:\Program Files\Microchip\xc8\v2.46\pic\sources\c99\common\nf_sprintf.c
		_sprintf       		CODE           	1D60	0000	52

C:\Program Files\Microchip\xc8\v2.46\pic\sources\c99\common\nf_sprintf.c estimated size: 52

shared
		i2_Envia_text  		CODE           	1C50	0000	80
		i2___awdiv     		CODE           	17E4	0000	196
		_firma         		CODE           	1006	0000	2
		__initialization		CODE           	1B96	0000	88

shared estimated size: 366

C:\Program Files\Microchip\xc8\v2.46\pic\sources\c99\common\putch.c
		_putch         		CODE           	1E42	0000	2

C:\Program Files\Microchip\xc8\v2.46\pic\sources\c99\common\putch.c estimated size: 2

C:\Program Files\Microchip\xc8\v2.46\pic\sources\c99\common\Umul16.c
		___wmul        		CODE           	1DF6	0000	38

C:\Program Files\Microchip\xc8\v2.46\pic\sources\c99\common\Umul16.c estimated size: 38

C:\Program Files\Microchip\xc8\v2.46\pic\sources\c99\common\abs.c
		_abs           		CODE           	1D94	0000	52

C:\Program Files\Microchip\xc8\v2.46\pic\sources\c99\common\abs.c estimated size: 52

C:\Program Files\Microchip\xc8\v2.46\pic\sources\c99\common\awmod.c
		___awmod       		CODE           	18A8	0000	176

C:\Program Files\Microchip\xc8\v2.46\pic\sources\c99\common\awmod.c estimated size: 176

main.c
		_hint          		CODE           	1008	0000	814
		_lint          		CODE           	1018	0000	152
		_main          		CODE           	1CA0	0000	78
		_Envia_text    		CODE           	1BFC	0000	84
		_Envia_tiempo  		CODE           	1958	0000	174
		_Envia_cadena  		CODE           	1B26	0000	112

main.c estimated size: 1414

