Microchip MPLAB XC8 Compiler V2.46

Linker command line:

-W-3 \
  --edf=C:\Program Files\Microchip\xc8\v2.46\pic\dat\20240104201356_en.msgs \
  -cn -h+dist/default/debug\Practica_01.X.debug.sym \
  --cmf=dist/default/debug\Practica_01.X.debug.cmf -z -Q18F45K50 \
  -oC:\Users\joseg\AppData\Local\Temp\xcAs5h4.\driver_tmp_3.o \
  --defsym=__MPLAB_BUILD=1 --fixupoverflow=error \
  -Mdist/default/debug/Practica_01.X.debug.map \
  --md=C:\Users\joseg\AppData\Local\Temp\xcAs5h4.\driver_tmp_0.dat -E1 \
  -ver=XC8 Compiler --acfsm=1493 -ACODE=00h-07FFFh -ACONST=00h-07FFFh \
  -ASMALLCONST=0800h-08FFhx120 -AMEDIUMCONST=0800h-07FFFh -ACOMRAM=01h-05Fh \
  -AABS1=00h-07FFh -ABIGRAM=01h-07FFh -ARAM=060h-0FFh,0100h-01FFhx7 \
  -ABANK0=060h-0FFh -ABANK1=0100h-01FFh -ABANK2=0200h-02FFh \
  -ABANK3=0300h-03FFh -ABANK4=0400h-04FFh -ABANK5=0500h-05FFh \
  -ABANK6=0600h-06FFh -ABANK7=0700h-07FFh -ASFR=0F53h-0F5Fh,0F60h-0FFFh \
  -ABIGSFR=0F53h-0FFFh -ACONFIG=0300000h-030000Dh -AIDLOC=0200000h-0200007h \
  -AEEDATA=0F00000h-0F000FFh -peeprom_data=EEDATA \
  -preset_vec=00h,intcode,sivt_hi,intcodelo,sivt_lo,powerup,init \
  -pramtop=0800h -psmallconst=SMALLCONST -pmediumconst=MEDIUMCONST \
  -pconst=CONST -AFARRAM=00h-00h \
  -prdata=COMRAM,nvrram=COMRAM,nvbit=COMRAM,rbss=COMRAM,rbit=COMRAM \
  -pfarbss=FARRAM,fardata=FARRAM,nvFARRAM=FARRAM \
  -pintsave_regs=BIGRAM,bigbss=BIGRAM,bigdata=BIGRAM -pbss=RAM \
  -pidata=CODE,irdata=CODE,ibigdata=CODE,ifardata=CODE -prparam=COMRAM \
  C:\Users\joseg\AppData\Local\Temp\xcAs5h4.\driver_tmp_14.o \
  dist/default/debug\Practica_01.X.debug.o 

Object code version is 3.11

Machine type is 18F45K50



                Name                               Link     Load   Length Selector   Space Scale
C:\Users\joseg\AppData\Local\Temp\xcAs5h4.\driver_tmp_14.o
                idloc                            200000   200000        8        0       5
                config                           300000   300000        E        0       4
                init                                  0        0        4        0       0
dist/default/debug\Practica_01.X.debug.o
                idloc                            200000   200000        8        0       5
                config                           300000   300000        E        0       4
                smallconst                          800      800        E      400       0
                text22                             2668     2668       90      407       0
                text21                             1AA8     1AA8      39A      407       0
                text20                             25BE     25BE       AA      407       0
                text19                             22F2     22F2      104      407       0
                text18                             167E     167E      42A      407       0
                text17                             2932     2932       38      407       0
                text16                             11BE     11BE      4C0      407       0
                text15                             282A     282A       46      407       0
                text14                             21EC     21EC      106      407       0
                text13                             23F6     23F6       FE      407       0
                text12                             1E42     1E42      212      407       0
                text11                             27D4     27D4       56      407       0
                text10                             28F2     28F2       40      407       0
                text9                              29D8     29D8        2      407       0
                text8                              24F4     24F4       CA      407       0
                text7                              28B2     28B2       40      407       0
                text6                              276A     276A       6A      407       0
                text5                              296A     296A       32      407       0
                text4                               80E      80E      9B0      407       0
                text3                              2054     2054      198      407       0
                text2                              2870     2870       42      407       0
                text1                              29BE     29BE       1A      407       0
                text0                              26F8     26F8       72      407       0
                cstackCOMRAM                          1        1       48        1       1
                cstackBANK0                          B0       B0       2F       60       1
                cstackBANK1                         100      100       CC      100       1
                bssBANK0                             60       60       50       60       1
                bssCOMRAM                            49       49        D        1       1
                cinit                              299C     299C       22      407       0

TOTAL           Name                               Link     Load   Length     Space
        CLASS   CODE           
                init                                  0        0        4         0
                text22                             2668     2668       90         0
                text21                             1AA8     1AA8      39A         0
                text20                             25BE     25BE       AA         0
                text19                             22F2     22F2      104         0
                text18                             167E     167E      42A         0
                text17                             2932     2932       38         0
                text16                             11BE     11BE      4C0         0
                text15                             282A     282A       46         0
                text14                             21EC     21EC      106         0
                text13                             23F6     23F6       FE         0
                text12                             1E42     1E42      212         0
                text11                             27D4     27D4       56         0
                text10                             28F2     28F2       40         0
                text9                              29D8     29D8        2         0
                text8                              24F4     24F4       CA         0
                text7                              28B2     28B2       40         0
                text6                              276A     276A       6A         0
                text5                              296A     296A       32         0
                text4                               80E      80E      9B0         0
                text3                              2054     2054      198         0
                text2                              2870     2870       42         0
                text1                              29BE     29BE       1A         0
                text0                              26F8     26F8       72         0
                cinit                              299C     299C       22         0

        CLASS   CONST          

        CLASS   SMALLCONST     
                smallconst                          800      800        E         0

        CLASS   MEDIUMCONST    

        CLASS   COMRAM         
                cstackCOMRAM                          1        1       48         1
                bssCOMRAM                            49       49        D         1

        CLASS   ABS1           

        CLASS   BIGRAM         

        CLASS   RAM            

        CLASS   BANK0          
                cstackBANK0                          B0       B0       2F         1
                bssBANK0                             60       60       50         1

        CLASS   BANK1          
                cstackBANK1                         100      100       CC         1

        CLASS   BANK2          

        CLASS   BANK3          

        CLASS   BANK4          

        CLASS   BANK5          

        CLASS   BANK6          

        CLASS   BANK7          

        CLASS   SFR            

        CLASS   BIGSFR         

        CLASS   CONFIG         
                config                           300000   300000        E         4

        CLASS   IDLOC          
                idloc                            200000   200000        8         5

        CLASS   EEDATA         

        CLASS   FARRAM         

        CLASS   HEAP           

        CLASS   STACK          



SEGMENTS        Name                           Load    Length   Top    Selector   Space  Class

                reset_vec                      000000  000004  000004         0       0  CODE    
                cstackCOMRAM                   000001  000055  000056         1       1  COMRAM  
                bssBANK0                       000060  00007F  0000DF        60       1  BANK0   
                cstackBANK1                    000100  0000CC  0001CC       100       1  BANK1   
                smallconst                     000800  00000E  00080E       400       0  SMALLCON
                text4                          00080E  0021CC  0029DA       407       0  CODE    


UNUSED ADDRESS RANGES

        Name                Unused          Largest block    Delta
        BANK0            0000DF-0000FF               21
        BANK1            0001CC-0001FF               34
        BANK2            000200-0002FF              100
        BANK3            000300-0003FF              100
        BANK4            000400-0004FF              100
        BANK5            000500-0005FF              100
        BANK6            000600-0006FF              100
        BANK7            000700-0007FF              100
        BIGRAM           000056-00005F                A
                         0000DF-0000FF               21
                         0001CC-0007FF              634
        BIGSFR           000F53-000FFF               AD
        CODE             000004-0007FF              7FC
                         0029DA-007FFF             5626
        COMRAM           000056-00005F                A
        CONST            000004-0007FF              7FC
                         0029DA-007FFF             5626
        EEDATA           F00000-F000FF              100
        MEDIUMCONST      0029DA-007FFF             5626
        RAM              0000DF-0000FF               21
                         0001CC-0007FF              100
        SFR              000F53-000FFF                D
        SMALLCONST       0029DA-007FFF              100

                                  Symbol Table

?___fladd                 cstackCOMRAM 000001
?___fldiv                 cstackCOMRAM 000001
?___flmul                 cstackCOMRAM 000001
?___flneg                 cstackCOMRAM 000001
?___flsub                 cstackCOMRAM 00001A
?___fltol                 cstackCOMRAM 000001
?___fpclassifyf           cstackCOMRAM 000001
?_contar_unos             cstackCOMRAM 000001
?_floorf                  cstackCOMRAM 00001A
?_labs                    cstackCOMRAM 000001
?_printf                  cstackBANK0  0000DC
?_vfprintf                cstackCOMRAM 000041
__HRAM                    (abs)        000000
__H__absolute__           __absolute__ 000000
__Habs1                   abs1         000000
__Hbank0                  bank0        000000
__Hbank1                  bank1        000000
__Hbank2                  bank2        000000
__Hbank3                  bank3        000000
__Hbank4                  bank4        000000
__Hbank5                  bank5        000000
__Hbank6                  bank6        000000
__Hbank7                  bank7        000000
__Hbigbss                 bigbss       000000
__Hbigdata                bigdata      000000
__Hbigram                 bigram       000000
__Hbigsfr                 bigsfr       000000
__Hbss                    bss          000000
__HbssBANK0               bssBANK0     000000
__HbssCOMRAM              bssCOMRAM    000000
__Hcinit                  cinit        000000
__Hclrtext                clrtext      000000
__Hcomram                 comram       000000
__Hconfig                 config       30000E
__Hconst                  const        000000
__HcstackBANK0            cstackBANK0  000000
__HcstackBANK1            cstackBANK1  000000
__HcstackCOMRAM           cstackCOMRAM 000000
__Hdata                   data         000000
__Heeprom_data            eeprom_data  000000
__Hfarbss                 farbss       000000
__Hfardata                fardata      000000
__Hheap                   heap         000000
__Hibigdata               ibigdata     000000
__Hidata                  idata        000000
__Hidloc                  idloc        200008
__Hifardata               ifardata     000000
__Hinit                   init         000004
__Hintcode                intcode      000000
__Hintcode_body           intcode_body 000000
__Hintcodelo              intcodelo    000000
__Hintentry               intentry     000000
__Hintret                 intret       000000
__Hintsave_regs           intsave_regs 000000
__Hirdata                 irdata       000000
__Hmediumconst            mediumconst  000000
__HnvFARRAM               nvFARRAM     000000
__Hnvbit                  nvbit        000000
__Hnvrram                 nvrram       000000
__Hparam                  rparam       000000
__Hpowerup                powerup      000000
__Hram                    ram          000000
__Hramtop                 ramtop       000800
__Hrbit                   rbit         000000
__Hrbss                   rbss         000000
__Hrdata                  rdata        000000
__Hreset_vec              reset_vec    000000
__Hrparam                 rparam       000000
__Hsfr                    sfr          000000
__Hsivt_hi                sivt_hi      000000
__Hsivt_lo                sivt_lo      000000
__Hsmallconst             smallconst   00080E
__Hspace_0                (abs)        0029DA
__Hspace_1                (abs)        0001CC
__Hspace_2                (abs)        000000
__Hspace_4                (abs)        60000E
__Hstack                  stack        000000
__Hstruct                 struct       000000
__Htemp                   temp         000000
__Htext                   text         000000
__Htext0                  text0        000000
__Htext1                  text1        000000
__Htext10                 text10       000000
__Htext11                 text11       000000
__Htext12                 text12       000000
__Htext13                 text13       000000
__Htext14                 text14       000000
__Htext15                 text15       000000
__Htext16                 text16       000000
__Htext17                 text17       000000
__Htext18                 text18       000000
__Htext19                 text19       000000
__Htext2                  text2        000000
__Htext20                 text20       000000
__Htext21                 text21       000000
__Htext22                 text22       000000
__Htext3                  text3        000000
__Htext4                  text4        000000
__Htext5                  text5        000000
__Htext6                  text6        000000
__Htext7                  text7        000000
__Htext8                  text8        000000
__Htext9                  text9        000000
__LRAM                    (abs)        000001
__L__absolute__           __absolute__ 000000
__Labs1                   abs1         000000
__Lbank0                  bank0        000000
__Lbank1                  bank1        000000
__Lbank2                  bank2        000000
__Lbank3                  bank3        000000
__Lbank4                  bank4        000000
__Lbank5                  bank5        000000
__Lbank6                  bank6        000000
__Lbank7                  bank7        000000
__Lbigbss                 bigbss       000000
__Lbigdata                bigdata      000000
__Lbigram                 bigram       000000
__Lbigsfr                 bigsfr       000000
__Lbss                    bss          000000
__LbssBANK0               bssBANK0     000000
__LbssCOMRAM              bssCOMRAM    000000
__Lcinit                  cinit        000000
__Lclrtext                clrtext      000000
__Lcomram                 comram       000000
__Lconfig                 config       000000
__Lconst                  const        000000
__LcstackBANK0            cstackBANK0  000000
__LcstackBANK1            cstackBANK1  000000
__LcstackCOMRAM           cstackCOMRAM 000000
__Ldata                   data         000000
__Leeprom_data            eeprom_data  000000
__Lfarbss                 farbss       000000
__Lfardata                fardata      000000
__Lheap                   heap         000000
__Libigdata               ibigdata     000000
__Lidata                  idata        000000
__Lidloc                  idloc        000000
__Lifardata               ifardata     000000
__Linit                   init         000000
__Lintcode                intcode      000000
__Lintcode_body           intcode_body 000000
__Lintcodelo              intcodelo    000000
__Lintentry               intentry     000000
__Lintret                 intret       000000
__Lintsave_regs           intsave_regs 000000
__Lirdata                 irdata       000000
__Lmediumconst            mediumconst  000000
__LnvFARRAM               nvFARRAM     000000
__Lnvbit                  nvbit        000000
__Lnvrram                 nvrram       000000
__Lparam                  rparam       000000
__Lpowerup                powerup      000000
__Lram                    ram          000000
__Lramtop                 ramtop       000800
__Lrbit                   rbit         000000
__Lrbss                   rbss         000000
__Lrdata                  rdata        000000
__Lreset_vec              reset_vec    000000
__Lrparam                 rparam       000000
__Lsfr                    sfr          000000
__Lsivt_hi                sivt_hi      000000
__Lsivt_lo                sivt_lo      000000
__Lsmallconst             smallconst   000800
__Lspace_0                (abs)        000000
__Lspace_1                (abs)        000000
__Lspace_2                (abs)        000000
__Lspace_4                (abs)        000000
__Lstack                  stack        000000
__Lstruct                 struct       000000
__Ltemp                   temp         000000
__Ltext                   text         000000
__Ltext0                  text0        000000
__Ltext1                  text1        000000
__Ltext10                 text10       000000
__Ltext11                 text11       000000
__Ltext12                 text12       000000
__Ltext13                 text13       000000
__Ltext14                 text14       000000
__Ltext15                 text15       000000
__Ltext16                 text16       000000
__Ltext17                 text17       000000
__Ltext18                 text18       000000
__Ltext19                 text19       000000
__Ltext2                  text2        000000
__Ltext20                 text20       000000
__Ltext21                 text21       000000
__Ltext22                 text22       000000
__Ltext3                  text3        000000
__Ltext4                  text4        000000
__Ltext5                  text5        000000
__Ltext6                  text6        000000
__Ltext7                  text7        000000
__Ltext8                  text8        000000
__Ltext9                  text9        000000
__S0                      (abs)        0029DA
__S1                      (abs)        0001CC
__S4                      (abs)        000000
__S5                      (abs)        000000
___fladd                  text16       0011BE
___fladd@a                cstackCOMRAM 000005
___fladd@aexp             cstackCOMRAM 00000E
___fladd@b                cstackCOMRAM 000001
___fladd@bexp             cstackCOMRAM 00000F
___fladd@grs              cstackCOMRAM 000010
___fladd@signs            cstackCOMRAM 00000D
___fldiv                  text21       001AA8
___fldiv@a                cstackCOMRAM 000005
___fldiv@aexp             cstackCOMRAM 000019
___fldiv@b                cstackCOMRAM 000001
___fldiv@bexp             cstackCOMRAM 000018
___fldiv@grs              cstackCOMRAM 000014
___fldiv@new_exp          cstackCOMRAM 000012
___fldiv@rem              cstackCOMRAM 00000D
___fldiv@sign             cstackCOMRAM 000011
___fleq                   text20       0025BE
___fleq@ff1               cstackCOMRAM 000001
___fleq@ff2               cstackCOMRAM 000005
___flge                   text19       0022F2
___flge@ff1               cstackCOMRAM 00001A
___flge@ff2               cstackCOMRAM 00001E
___flmul                  text18       00167E
___flmul@a                cstackCOMRAM 000005
___flmul@aexp             cstackCOMRAM 000012
___flmul@b                cstackCOMRAM 000001
___flmul@bexp             cstackCOMRAM 000013
___flmul@grs              cstackCOMRAM 00000E
___flmul@prod             cstackCOMRAM 000014
___flmul@sign             cstackCOMRAM 00000D
___flmul@temp             cstackCOMRAM 000018
___flneg                  text17       002932
___flneg@f1               cstackCOMRAM 000001
___flsub                  text15       00282A
___flsub@a                cstackCOMRAM 00001E
___flsub@b                cstackCOMRAM 00001A
___fltol                  text14       0021EC
___fltol@exp1             cstackCOMRAM 00000A
___fltol@f1               cstackCOMRAM 000001
___fltol@sign1            cstackCOMRAM 000009
___fpclassifyf            text13       0023F6
___fpclassifyf@F465       bssCOMRAM    00004D
___fpclassifyf@e          cstackCOMRAM 000009
___fpclassifyf@u          cstackCOMRAM 00000B
___fpclassifyf@x          cstackCOMRAM 000001
___heap_hi                (abs)        000000
___heap_lo                (abs)        000000
___inthi_sp               stack        000000
___inthi_stack_hi         stack        000000
___inthi_stack_lo         stack        000000
___intlo_sp               stack        000000
___intlo_stack_hi         stack        000000
___intlo_stack_lo         stack        000000
___param_bank             (abs)        000000
___rparam_used            (abs)        000001
___sp                     stack        000000
___stack_hi               stack        000000
___stack_lo               stack        000000
__accesstop               (abs)        000060
__activetblptr            (abs)        000002
__end_of___fladd          text16       00167E
__end_of___fldiv          text21       001E42
__end_of___fleq           text20       002668
__end_of___flge           text19       0023F6
__end_of___flmul          text18       001AA8
__end_of___flneg          text17       00296A
__end_of___flsub          text15       002870
__end_of___fltol          text14       0022F2
__end_of___fpclassifyf    text13       0024F4
__end_of__initialization  cinit        0029B4
__end_of_contar_unos      text22       0026F8
__end_of_efgtoa           text4        0011BE
__end_of_floorf           text12       002054
__end_of_fputc            text8        0025BE
__end_of_fputs            text7        0028F2
__end_of_labs             text11       00282A
__end_of_main             text0        00276A
__end_of_memcpy           text10       002932
__end_of_pad              text6        0027D4
__end_of_printf           text1        0029D8
__end_of_putch            text9        0029DA
__end_of_strcpy           text5        00299C
__end_of_vfpfcnvrt        text3        0021EC
__end_of_vfprintf         text2        0028B2
__initialization          cinit        00299C
__mediumconst             mediumconst  000000
__pbssBANK0               bssBANK0     000060
__pbssCOMRAM              bssCOMRAM    000049
__pcinit                  cinit        00299C
__pcstackBANK0            cstackBANK0  0000B0
__pcstackBANK1            cstackBANK1  000100
__pcstackCOMRAM           cstackCOMRAM 000001
__psmallconst             smallconst   000800
__ptext0                  text0        0026F8
__ptext1                  text1        0029BE
__ptext10                 text10       0028F2
__ptext11                 text11       0027D4
__ptext12                 text12       001E42
__ptext13                 text13       0023F6
__ptext14                 text14       0021EC
__ptext15                 text15       00282A
__ptext16                 text16       0011BE
__ptext17                 text17       002932
__ptext18                 text18       00167E
__ptext19                 text19       0022F2
__ptext2                  text2        002870
__ptext20                 text20       0025BE
__ptext21                 text21       001AA8
__ptext22                 text22       002668
__ptext3                  text3        002054
__ptext4                  text4        00080E
__ptext5                  text5        00296A
__ptext6                  text6        00276A
__ptext7                  text7        0028B2
__ptext8                  text8        0024F4
__ptext9                  text9        0029D8
__ramtop                  ramtop       000800
__smallconst              smallconst   000800
_contar_unos              text22       002668
_dbuf                     bssBANK0     000060
_efgtoa                   text4        00080E
_efgtoa$597               cstackBANK0  0000B6
_flags                    bssCOMRAM    000055
_floorf                   text12       001E42
_fputc                    text8        0024F4
_fputs                    text7        0028B2
_labs                     text11       0027D4
_main                     text0        0026F8
_memcpy                   text10       0028F2
_pad                      text6        00276A
_prec                     bssCOMRAM    000053
_printf                   text1        0029BE
_putch                    text9        0029D8
_strcpy                   text5        00296A
_vfpfcnvrt                text3        002054
_vfprintf                 text2        002870
_width                    bssCOMRAM    000051
contar_unos@arreglo       cstackCOMRAM 000001
contar_unos@contador      cstackCOMRAM 000007
contar_unos@i             cstackCOMRAM 000009
contar_unos@num_elementos cstackCOMRAM 000003
contar_unos@valor         cstackCOMRAM 00000B
efgtoa@c                  cstackCOMRAM 000034
efgtoa@d                  cstackBANK0  0000BB
efgtoa@e                  cstackBANK0  0000BF
efgtoa@f                  cstackCOMRAM 000030
efgtoa@fp                 cstackCOMRAM 00002E
efgtoa@g                  cstackBANK0  0000D4
efgtoa@h                  cstackBANK0  0000C9
efgtoa@i                  cstackBANK0  0000C7
efgtoa@l                  cstackBANK0  0000CD
efgtoa@m                  cstackBANK0  0000BD
efgtoa@mode               cstackBANK0  0000B9
efgtoa@n                  cstackBANK0  0000D2
efgtoa@ne                 cstackBANK0  0000B0
efgtoa@nmode              cstackBANK0  0000BA
efgtoa@ou                 cstackBANK0  0000C3
efgtoa@p                  cstackBANK0  0000B2
efgtoa@pp                 cstackBANK0  0000B8
efgtoa@sign               cstackBANK0  0000D1
efgtoa@t                  cstackBANK0  0000B4
efgtoa@u                  cstackBANK0  0000D8
efgtoa@w                  cstackBANK0  0000C1
end_of_initialization     cinit        0029B4
floorf@F521               bssCOMRAM    000049
floorf@e                  cstackCOMRAM 000028
floorf@m                  cstackCOMRAM 000024
floorf@u                  cstackCOMRAM 00002A
floorf@x                  cstackCOMRAM 00001A
fputc@c                   cstackCOMRAM 000001
fputc@fp                  cstackCOMRAM 000003
fputs@c                   cstackCOMRAM 00000D
fputs@fp                  cstackCOMRAM 00000B
fputs@i                   cstackCOMRAM 00000E
fputs@s                   cstackCOMRAM 00000A
intlevel0                 text         000000
intlevel1                 text         000000
intlevel2                 text         000000
intlevel3                 text         000000
isa$std                   (abs)        000001
isa$xinst                 (abs)        000000
labs@a                    cstackCOMRAM 000001
main@arreglo              cstackBANK1  000100
main@i                    cstackBANK1  0001C8
main@num_unos             cstackBANK1  0001CA
memcpy@d                  cstackCOMRAM 000006
memcpy@d1                 cstackCOMRAM 000001
memcpy@n                  cstackCOMRAM 000003
memcpy@s                  cstackCOMRAM 000007
memcpy@s1                 cstackCOMRAM 000002
memcpy@tmp                cstackCOMRAM 000005
pad@buf                   cstackCOMRAM 000012
pad@fp                    cstackCOMRAM 000010
pad@i                     cstackCOMRAM 000016
pad@p                     cstackCOMRAM 000013
printf@ap                 cstackCOMRAM 000046
printf@fmt                cstackBANK0  0000DC
stackhi                   (abs)        000000
stacklo                   (abs)        000000
start                     init         000000
start_initialization      cinit        00299C
strcpy@d                  cstackCOMRAM 000004
strcpy@dest               cstackCOMRAM 000001
strcpy@src                cstackCOMRAM 000002
vfpfcnvrt@ap              cstackCOMRAM 000039
vfpfcnvrt@c               cstackCOMRAM 00003F
vfpfcnvrt@convarg         cstackCOMRAM 00003B
vfpfcnvrt@cp              cstackCOMRAM 000040
vfpfcnvrt@fmt             cstackCOMRAM 000038
vfpfcnvrt@fp              cstackCOMRAM 000036
vfprintf@ap               cstackCOMRAM 000044
vfprintf@cfmt             cstackCOMRAM 000045
vfprintf@fmt              cstackCOMRAM 000043
vfprintf@fp               cstackCOMRAM 000041


MODULE INFORMATION

Module		Function		Class		Link	Load	Size
C:\Program Files\Microchip\xc8\v2.46\pic\sources\c99\common\fltol.c
		___fltol       		CODE           	21EC	0000	262

C:\Program Files\Microchip\xc8\v2.46\pic\sources\c99\common\fltol.c estimated size: 262

C:\Program Files\Microchip\xc8\v2.46\pic\sources\c99\common\printf.c
		_printf        		CODE           	29BE	0000	26

C:\Program Files\Microchip\xc8\v2.46\pic\sources\c99\common\printf.c estimated size: 26

C:\Program Files\Microchip\xc8\v2.46\pic\sources\c99\common\floorf.c
		_floorf        		CODE           	1E42	0000	530

C:\Program Files\Microchip\xc8\v2.46\pic\sources\c99\common\floorf.c estimated size: 530

C:\Program Files\Microchip\xc8\v2.46\pic\sources\c99\common\nf_fputc.c
		_fputc         		CODE           	24F4	0000	202

C:\Program Files\Microchip\xc8\v2.46\pic\sources\c99\common\nf_fputc.c estimated size: 202

C:\Program Files\Microchip\xc8\v2.46\pic\sources\c99\common\flneg.c
		___flneg       		CODE           	2932	0000	56

C:\Program Files\Microchip\xc8\v2.46\pic\sources\c99\common\flneg.c estimated size: 56

C:\Program Files\Microchip\xc8\v2.46\pic\sources\c99\common\__fpclassifyf.c
		___fpclassifyf 		CODE           	23F6	0000	254

C:\Program Files\Microchip\xc8\v2.46\pic\sources\c99\common\__fpclassifyf.c estimated size: 254

C:\Program Files\Microchip\xc8\v2.46\pic\sources\c99\common\sprcmul.c
		___flmul       		CODE           	167E	0000	1066

C:\Program Files\Microchip\xc8\v2.46\pic\sources\c99\common\sprcmul.c estimated size: 1066

C:\Program Files\Microchip\xc8\v2.46\pic\sources\c99\common\strcpy.c
		_strcpy        		CODE           	296A	0000	50

C:\Program Files\Microchip\xc8\v2.46\pic\sources\c99\common\strcpy.c estimated size: 50

C:\Program Files\Microchip\xc8\v2.46\pic\sources\c99\common\sprcdiv.c
		___fldiv       		CODE           	1AA8	0000	922

C:\Program Files\Microchip\xc8\v2.46\pic\sources\c99\common\sprcdiv.c estimated size: 922

C:\Program Files\Microchip\xc8\v2.46\pic\sources\c99\common\fleq.c
		___fleq        		CODE           	25BE	0000	170

C:\Program Files\Microchip\xc8\v2.46\pic\sources\c99\common\fleq.c estimated size: 170

C:\Program Files\Microchip\xc8\v2.46\pic\sources\c99\common\doprnt.c
		_vfpfcnvrt     		CODE           	2054	0000	408
		_efgtoa        		CODE           	080E	0000	2480
		_pad           		CODE           	276A	0000	106
		_vfprintf      		CODE           	2870	0000	66

C:\Program Files\Microchip\xc8\v2.46\pic\sources\c99\common\doprnt.c estimated size: 3060

shared
		__initialization		CODE           	299C	0000	24

shared estimated size: 24

C:\Program Files\Microchip\xc8\v2.46\pic\sources\c99\common\putch.c
		_putch         		CODE           	29D8	0000	2

C:\Program Files\Microchip\xc8\v2.46\pic\sources\c99\common\putch.c estimated size: 2

C:\Program Files\Microchip\xc8\v2.46\pic\sources\c99\common\nf_fputs.c
		_fputs         		CODE           	28B2	0000	64

C:\Program Files\Microchip\xc8\v2.46\pic\sources\c99\common\nf_fputs.c estimated size: 64

C:\Program Files\Microchip\xc8\v2.46\pic\sources\c99\common\sprcadd.c
		___flsub       		CODE           	282A	0000	70
		___fladd       		CODE           	11BE	0000	1216

C:\Program Files\Microchip\xc8\v2.46\pic\sources\c99\common\sprcadd.c estimated size: 1286

C:\Program Files\Microchip\xc8\v2.46\pic\sources\c99\common\memcpy.c
		_memcpy        		CODE           	28F2	0000	64

C:\Program Files\Microchip\xc8\v2.46\pic\sources\c99\common\memcpy.c estimated size: 64

C:\Program Files\Microchip\xc8\v2.46\pic\sources\c99\common\labs.c
		_labs          		CODE           	27D4	0000	86

C:\Program Files\Microchip\xc8\v2.46\pic\sources\c99\common\labs.c estimated size: 86

main.c
		_main          		CODE           	26F8	0000	114
		_contar_unos   		CODE           	2668	0000	144

main.c estimated size: 258

C:\Program Files\Microchip\xc8\v2.46\pic\sources\c99\common\flge.c
		___flge        		CODE           	22F2	0000	260

C:\Program Files\Microchip\xc8\v2.46\pic\sources\c99\common\flge.c estimated size: 260

