Microchip MPLAB XC8 Compiler V2.46

Linker command line:

-W-3 \
  --edf=C:\Program Files\Microchip\xc8\v2.46\pic\dat\20240104201356_en.msgs \
  -cn -h+dist/default/production\ProyectoFinal_JoseLopez.X.production.sym \
  --cmf=dist/default/production\ProyectoFinal_JoseLopez.X.production.cmf -z \
  -Q18F45K50 -oC:\Users\joseg\AppData\Local\Temp\xcAscj0.\driver_tmp_3.o \
  --defsym=__MPLAB_BUILD=1 --fixupoverflow=error \
  -Mdist/default/production/ProyectoFinal_JoseLopez.X.production.map \
  --md=C:\Users\joseg\AppData\Local\Temp\xcAscj0.\driver_tmp_0.dat -E1 \
  -ver=XC8 Compiler --acfsm=1493 -p_firma_text=1006h -ACODE=01000h-07FFFh \
  -ACONST=01000h-07FFFh -ASMALLCONST=01000h-010FFhx112 \
  -AMEDIUMCONST=01000h-07FFFh -ACOMRAM=01h-05Fh -AABS1=00h-07FFh \
  -ABIGRAM=01h-07FFh -ARAM=060h-0FFh,0100h-01FFhx7 -ABANK0=060h-0FFh \
  -ABANK1=0100h-01FFh -ABANK2=0200h-02FFh -ABANK3=0300h-03FFh \
  -ABANK4=0400h-04FFh -ABANK5=0500h-05FFh -ABANK6=0600h-06FFh \
  -ABANK7=0700h-07FFh -ASFR=0F53h-0F5Fh,0F60h-0FFFh -ABIGSFR=0F53h-0FFFh \
  -ACONFIG=0300000h-030000Dh -AIDLOC=0200000h-0200007h \
  -AEEDATA=0F00000h-0F000FFh -peeprom_data=EEDATA \
  -preset_vec=01000h,intcode=1008h,intcodelo=1018h,powerup,init \
  -pramtop=0800h -psmallconst=SMALLCONST -pmediumconst=MEDIUMCONST \
  -pconst=CONST -AFARRAM=00h-00h \
  -prdata=COMRAM,nvrram=COMRAM,nvbit=COMRAM,rbss=COMRAM,rbit=COMRAM \
  -pfarbss=FARRAM,fardata=FARRAM,nvFARRAM=FARRAM \
  -pintsave_regs=BIGRAM,bigbss=BIGRAM,bigdata=BIGRAM -pbss=RAM \
  -pidata=CODE,irdata=CODE,ibigdata=CODE,ifardata=CODE -prparam=COMRAM \
  C:\Users\joseg\AppData\Local\Temp\xcAscj0.\driver_tmp_14.o \
  dist/default/production\ProyectoFinal_JoseLopez.X.production.o 

Object code version is 3.11

Machine type is 18F45K50



                Name                               Link     Load   Length Selector   Space Scale
C:\Users\joseg\AppData\Local\Temp\xcAscj0.\driver_tmp_14.o
                init                               11D4     11D4        4      80C       0
                reset_vec                          1000     1000        4      800       0
dist/default/production\ProyectoFinal_JoseLopez.X.production.o
                intcodelo                          1018     1018      1BC      80C       0
                intcode                            1008     1008        6      804       0
                temp                                 5F       5F        1        1       1
                mediumconst                        11D8     11D8      100      8EC       0
                text17                             1E1C     1E1C       C4      96C       0
                text16                             2044     2044       B0      96C       0
                text15                             2420     2420       34      96C       0
                text14                             248A     248A        2     1245       0
                text13                             20F4     20F4       AA      96C       0
                text12                             1AD6     1AD6      346      96C       0
                text11                             232E     232E       42      96C       0
                text10                             23E8     23E8       38      96C       0
                text9                              23AE     23AE       3A      96C       0
                text8                              219E     219E       74      96C       0
                text7                              1F92     1F92       B2      96C       0
                intcode_body                       1710     1710      3C6      96C       0
                text5                              22DC     22DC       52      96C       0
                text4                              2284     2284       58      96C       0
                text2                              1EE0     1EE0       B2      96C       0
                text1                              2370     2370       3E      96C       0
                text0                              12D8     12D8      438      96C       0
                cstackCOMRAM                          1        1       4D        1       1
                cstackBANK0                          60       60       7D       60       1
                cstackBANK1                         149      149       15      100       1
                dataBANK1                           129      129       20      100       1
                bssBANK1                            100      100       29      100       1
                dataBANK0                            DD       DD       15       60       1
                bssBANK0                             F2       F2        B       60       1
                bssCOMRAM                            4E       4E       11        1       1
                cinit                              2212     2212       72      96C       0
                nvBANK1                             15E      15E        1      100       1
                _firma_text                        1006     1006        2      803       0
                idataBANK1                         2454     2454       20      96C       0
                idataBANK0                         2474     2474       15      96C       0

TOTAL           Name                               Link     Load   Length     Space
        CLASS   CODE           
                intcodelo                          1018     1018      1BC         0
                intcode                            1008     1008        6         0
                init                               11D4     11D4        4         0
                reset_vec                          1000     1000        4         0
                text17                             1E1C     1E1C       C4         0
                text16                             2044     2044       B0         0
                text15                             2420     2420       34         0
                text14                             248A     248A        2         0
                text13                             20F4     20F4       AA         0
                text12                             1AD6     1AD6      346         0
                text11                             232E     232E       42         0
                text10                             23E8     23E8       38         0
                text9                              23AE     23AE       3A         0
                text8                              219E     219E       74         0
                text7                              1F92     1F92       B2         0
                intcode_body                       1710     1710      3C6         0
                text5                              22DC     22DC       52         0
                text4                              2284     2284       58         0
                text2                              1EE0     1EE0       B2         0
                text1                              2370     2370       3E         0
                text0                              12D8     12D8      438         0
                cinit                              2212     2212       72         0
                _firma_text                        1006     1006        2         0
                idataBANK1                         2454     2454       20         0
                idataBANK0                         2474     2474       15         0

        CLASS   CONST          

        CLASS   SMALLCONST     

        CLASS   MEDIUMCONST    
                mediumconst                        11D8     11D8      100         0

        CLASS   COMRAM         
                temp                                 5F       5F        1         1
                cstackCOMRAM                          1        1       4D         1
                bssCOMRAM                            4E       4E       11         1

        CLASS   ABS1           

        CLASS   BIGRAM         

        CLASS   RAM            

        CLASS   BANK0          
                cstackBANK0                          60       60       7D         1
                dataBANK0                            DD       DD       15         1
                bssBANK0                             F2       F2        B         1

        CLASS   BANK1          
                cstackBANK1                         149      149       15         1
                dataBANK1                           129      129       20         1
                bssBANK1                            100      100       29         1
                nvBANK1                             15E      15E        1         1

        CLASS   BANK2          

        CLASS   BANK3          

        CLASS   BANK4          

        CLASS   BANK5          

        CLASS   BANK6          

        CLASS   BANK7          

        CLASS   SFR            

        CLASS   BIGSFR         

        CLASS   CONFIG         

        CLASS   IDLOC          

        CLASS   EEDATA         

        CLASS   FARRAM         

        CLASS   HEAP           

        CLASS   STACK          



SEGMENTS        Name                           Load    Length   Top    Selector   Space  Class

                cstackCOMRAM                   000001  00005F  000060         1       1  COMRAM  
                cstackBANK0                    000060  00009D  0000FD        60       1  BANK0   
                bssBANK1                       000100  00005F  00015F       100       1  BANK1   
                reset_vec                      001000  000004  001004       800       0  CODE    
                _firma_text                    001006  000002  001008       803       0  CODE    
                intcode                        001008  000006  00100E       804       0  CODE    
                intcodelo                      001018  0001C0  0011D8       80C       0  CODE    
                mediumconst                    0011D8  000100  0012D8       8EC       0  MEDIUMCO
                text0                          0012D8  0011B1  002489       96C       0  CODE    
                text14                         00248A  000002  00248C      1245       0  CODE    


UNUSED ADDRESS RANGES

        Name                Unused          Largest block    Delta
        BANK0            00FD-00FF              3
        BANK1            015F-01FF             A1
        BANK2            0200-02FF            100
        BANK3            0300-03FF            100
        BANK4            0400-04FF            100
        BANK5            0500-05FF            100
        BANK6            0600-06FF            100
        BANK7            0700-07FF            100
        BIGRAM           00FD-00FF              3
                         015F-07FF            6A1
        BIGSFR           0F53-0FFF             AD
        CODE             1004-1005              2
                         100E-1017              A
                         2489-2489              1
                         248C-7FFF           5B74
        CONFIG           300000-30000D              E
        CONST            1004-1005              2
                         100E-1017              A
                         2489-2489              1
                         248C-7FFF           5B74
        EEDATA           F00000-F000FF            100
        FARRAM           0000-0000              1
        IDLOC            200000-200007              8
        MEDIUMCONST      1004-1005              2
                         100E-1017              A
                         2489-2489              1
                         248C-7FFF           5B74
        RAM              00FD-00FF              3
                         015F-07FF            100
        SFR              0F53-0FFF              D
        SMALLCONST       1004-1005              2
                         100E-1017              A
                         2489-2489              1
                         248C-7FFF            100

                                  Symbol Table

?___awdiv                     cstackCOMRAM 0001
?___awmod                     cstackCOMRAM 0001
?_abs                         cstackCOMRAM 0007
?_sprintf                     cstackCOMRAM 0020
?_strlen                      cstackCOMRAM 0001
?_vfprintf                    cstackCOMRAM 001A
Envia_cadena@buffer           cstackBANK0  0060
Envia_cadena@cantidad         cstackBANK0  00C4
Envia_cadena@i                cstackBANK0  00C6
Envia_cadena@texto            cstackCOMRAM 0032
Envia_frecuencia@buffer       cstackCOMRAM 0035
Envia_frecuencia@cant_digitos cstackCOMRAM 003F
Envia_frecuencia@frec_val     cstackCOMRAM 0032
Envia_frecuencia@frecuencia1  cstackCOMRAM 0041
Envia_frecuencia@i            cstackCOMRAM 0043
_ANSELA                       (abs)        0F5B
_ANSELAbits                   (abs)        0F5B
_ANSELC                       (abs)        0F5D
_ANSELD                       (abs)        0F5E
_ANSELE                       (abs)        0F5F
_BAUDCON1                     (abs)        0FB8
_Envia_cadena                 text8        219E
_Envia_frecuencia             text7        1F92
_INTCON                       (abs)        0FF2
_INTCON2bits                  (abs)        0FF1
_INTCONbits                   (abs)        0FF2
_IPR1bits                     (abs)        0F9F
_LATAbits                     (abs)        0F89
_LATBbits                     (abs)        0F8A
_LATCbits                     (abs)        0F8B
_LATEbits                     (abs)        0F8D
_OSCCON                       (abs)        0FD3
_OSCCON2                      (abs)        0FD2
_OSCTUNE                      (abs)        0F9B
_PIE1bits                     (abs)        0F9D
_PIR1bits                     (abs)        0F9E
_PORTD                        (abs)        0F83
_RCONbits                     (abs)        0FD0
_RCREG1                       (abs)        0FAE
_RCSTA1bits                   (abs)        0FAB
_RCSTAbits                    (abs)        0FAB
_SPBRG1                       (abs)        0FAF
_SPBRGH1                      (abs)        0FB0
_T0CONbits                    (abs)        0FD5
_TMR0H                        (abs)        0FD7
_TMR0L                        (abs)        0FD6
_TRISAbits                    (abs)        0F92
_TRISBbits                    (abs)        0F93
_TRISCbits                    (abs)        0F94
_TRISDbits                    (abs)        0F95
_TRISE                        (abs)        0F96
_TXREG1                       (abs)        0FAD
_TXSTA1bits                   (abs)        0FAC
_VREFCON0bits                 (abs)        0F7D
_VREFCON1bits                 (abs)        0F7C
_VREFCON2bits                 (abs)        0F7B
__HRAM                        (abs)        0000
__H__absolute__               __absolute__ 0000
__H_firma_text                _firma_text  1008
__Habs1                       abs1         0000
__Hbank0                      bank0        0000
__Hbank1                      bank1        0000
__Hbank2                      bank2        0000
__Hbank3                      bank3        0000
__Hbank4                      bank4        0000
__Hbank5                      bank5        0000
__Hbank6                      bank6        0000
__Hbank7                      bank7        0000
__Hbigbss                     bigbss       0000
__Hbigdata                    bigdata      0000
__Hbigram                     bigram       0000
__Hbigsfr                     bigsfr       0000
__Hbss                        bss          0000
__HbssBANK0                   bssBANK0     0000
__HbssBANK1                   bssBANK1     0000
__HbssCOMRAM                  bssCOMRAM    0000
__Hcinit                      cinit        0000
__Hclrtext                    clrtext      0000
__Hcomram                     comram       0000
__Hconfig                     config       0000
__Hconst                      const        0000
__HcstackBANK0                cstackBANK0  0000
__HcstackBANK1                cstackBANK1  0000
__HcstackCOMRAM               cstackCOMRAM 0000
__Hdata                       data         0000
__HdataBANK0                  dataBANK0    0000
__HdataBANK1                  dataBANK1    0000
__Heeprom_data                eeprom_data  0000
__Hfarbss                     farbss       0000
__Hfardata                    fardata      0000
__Hheap                       heap         0000
__Hibigdata                   ibigdata     0000
__Hidata                      idata        0000
__HidataBANK0                 idataBANK0   0000
__HidataBANK1                 idataBANK1   0000
__Hidloc                      idloc        0000
__Hifardata                   ifardata     0000
__Hinit                       init         11D8
__Hintcode                    intcode      100E
__Hintcode_body               intcode_body 0000
__Hintcodelo                  intcodelo    11D4
__Hintentry                   intentry     0000
__Hintret                     intret       0000
__Hintsave_regs               intsave_regs 0000
__Hirdata                     irdata       0000
__Hmediumconst                mediumconst  12D8
__HnvBANK1                    nvBANK1      0000
__HnvFARRAM                   nvFARRAM     0000
__Hnvbit                      nvbit        0000
__Hnvrram                     nvrram       0000
__Hparam                      rparam       0000
__Hpowerup                    powerup      11D4
__Hram                        ram          0000
__Hramtop                     ramtop       0800
__Hrbit                       rbit         0000
__Hrbss                       rbss         0000
__Hrdata                      rdata        0000
__Hreset_vec                  reset_vec    1004
__Hrparam                     rparam       0000
__Hsfr                        sfr          0000
__Hsivt_hi                    sivt_hi      0000
__Hsivt_lo                    sivt_lo      0000
__Hsmallconst                 smallconst   0000
__Hspace_0                    (abs)        248C
__Hspace_1                    (abs)        015F
__Hspace_2                    (abs)        0000
__Hspace_4                    (abs)        0000
__Hstack                      stack        0000
__Hstruct                     struct       0000
__Htemp                       temp         0060
__Htext                       text         0000
__Htext0                      text0        0000
__Htext1                      text1        0000
__Htext10                     text10       0000
__Htext11                     text11       0000
__Htext12                     text12       0000
__Htext13                     text13       0000
__Htext14                     text14       0000
__Htext15                     text15       0000
__Htext16                     text16       0000
__Htext17                     text17       0000
__Htext2                      text2        0000
__Htext4                      text4        0000
__Htext5                      text5        0000
__Htext7                      text7        0000
__Htext8                      text8        0000
__Htext9                      text9        0000
__LRAM                        (abs)        0001
__L__absolute__               __absolute__ 0000
__L_firma_text                _firma_text  1006
__Labs1                       abs1         0000
__Lbank0                      bank0        0000
__Lbank1                      bank1        0000
__Lbank2                      bank2        0000
__Lbank3                      bank3        0000
__Lbank4                      bank4        0000
__Lbank5                      bank5        0000
__Lbank6                      bank6        0000
__Lbank7                      bank7        0000
__Lbigbss                     bigbss       0000
__Lbigdata                    bigdata      0000
__Lbigram                     bigram       0000
__Lbigsfr                     bigsfr       0000
__Lbss                        bss          0000
__LbssBANK0                   bssBANK0     0000
__LbssBANK1                   bssBANK1     0000
__LbssCOMRAM                  bssCOMRAM    0000
__Lcinit                      cinit        0000
__Lclrtext                    clrtext      0000
__Lcomram                     comram       0000
__Lconfig                     config       0000
__Lconst                      const        0000
__LcstackBANK0                cstackBANK0  0000
__LcstackBANK1                cstackBANK1  0000
__LcstackCOMRAM               cstackCOMRAM 0000
__Ldata                       data         0000
__LdataBANK0                  dataBANK0    0000
__LdataBANK1                  dataBANK1    0000
__Leeprom_data                eeprom_data  0000
__Lfarbss                     farbss       0000
__Lfardata                    fardata      0000
__Lheap                       heap         0000
__Libigdata                   ibigdata     0000
__Lidata                      idata        0000
__LidataBANK0                 idataBANK0   0000
__LidataBANK1                 idataBANK1   0000
__Lidloc                      idloc        0000
__Lifardata                   ifardata     0000
__Linit                       init         11D4
__Lintcode                    intcode      1008
__Lintcode_body               intcode_body 0000
__Lintcodelo                  intcodelo    1018
__Lintentry                   intentry     0000
__Lintret                     intret       0000
__Lintsave_regs               intsave_regs 0000
__Lirdata                     irdata       0000
__Lmediumconst                mediumconst  11D8
__LnvBANK1                    nvBANK1      0000
__LnvFARRAM                   nvFARRAM     0000
__Lnvbit                      nvbit        0000
__Lnvrram                     nvrram       0000
__Lparam                      rparam       0000
__Lpowerup                    powerup      11D4
__Lram                        ram          0000
__Lramtop                     ramtop       0800
__Lrbit                       rbit         0000
__Lrbss                       rbss         0000
__Lrdata                      rdata        0000
__Lreset_vec                  reset_vec    1000
__Lrparam                     rparam       0000
__Lsfr                        sfr          0000
__Lsivt_hi                    sivt_hi      0000
__Lsivt_lo                    sivt_lo      0000
__Lsmallconst                 smallconst   0000
__Lspace_0                    (abs)        0000
__Lspace_1                    (abs)        0000
__Lspace_2                    (abs)        0000
__Lspace_4                    (abs)        0000
__Lstack                      stack        0000
__Lstruct                     struct       0000
__Ltemp                       temp         005F
__Ltext                       text         0000
__Ltext0                      text0        0000
__Ltext1                      text1        0000
__Ltext10                     text10       0000
__Ltext11                     text11       0000
__Ltext12                     text12       0000
__Ltext13                     text13       0000
__Ltext14                     text14       0000
__Ltext15                     text15       0000
__Ltext16                     text16       0000
__Ltext17                     text17       0000
__Ltext2                      text2        0000
__Ltext4                      text4        0000
__Ltext5                      text5        0000
__Ltext7                      text7        0000
__Ltext8                      text8        0000
__Ltext9                      text9        0000
__S0                          (abs)        248C
__S1                          (abs)        015F
__S4                          (abs)        0000
__S5                          (abs)        0000
___awdiv                      text17       1E1C
___awdiv@counter              cstackCOMRAM 0005
___awdiv@dividend             cstackCOMRAM 0001
___awdiv@divisor              cstackCOMRAM 0003
___awdiv@quotient             cstackCOMRAM 0007
___awdiv@sign                 cstackCOMRAM 0006
___awmod                      text16       2044
___awmod@counter              cstackCOMRAM 0005
___awmod@dividend             cstackCOMRAM 0001
___awmod@divisor              cstackCOMRAM 0003
___awmod@sign                 cstackCOMRAM 0006
___heap_hi                    (abs)        0000
___heap_lo                    (abs)        0000
___inthi_sp                   stack        0000
___inthi_stack_hi             stack        0000
___inthi_stack_lo             stack        0000
___intlo_sp                   stack        0000
___intlo_stack_hi             stack        0000
___intlo_stack_lo             stack        0000
___param_bank                 (abs)        0000
___rparam_used                (abs)        0001
___sp                         stack        0000
___stack_hi                   stack        0000
___stack_lo                   stack        0000
__accesstop                   (abs)        0060
__activetblptr                (abs)        0002
__end_of_Envia_cadena         text8        2212
__end_of_Envia_frecuencia     text7        2044
__end_of___awdiv              text17       1EE0
__end_of___awmod              text16       20F4
__end_of__initialization      cinit        2276
__end_of_abs                  text15       2454
__end_of_c1                   mediumconst  11F9
__end_of_c2                   mediumconst  11F5
__end_of_c3                   mediumconst  11F1
__end_of_c4                   mediumconst  11ED
__end_of_config               text2        1F92
__end_of_det_fila             text5        232E
__end_of_firma                _firma_text  1008
__end_of_fputc                text13       219E
__end_of_hint                 intcode_body 1AD6
__end_of_lint                 intcodelo    11D4
__end_of_main                 text0        1710
__end_of_putch                text14       248C
__end_of_segmentos            mediumconst  11E9
__end_of_shift                text4        22DC
__end_of_sprintf              text10       2420
__end_of_strlen               text9        23E8
__end_of_tx_232               text1        23AE
__end_of_vfpfcnvrt            text12       1E1C
__end_of_vfprintf             text11       2370
__initialization              cinit        2212
__mediumconst                 mediumconst  11D8
__p_firma_text                _firma_text  1006
__pbssBANK0                   bssBANK0     00F2
__pbssBANK1                   bssBANK1     0100
__pbssCOMRAM                  bssCOMRAM    004E
__pcinit                      cinit        2212
__pcstackBANK0                cstackBANK0  0060
__pcstackBANK1                cstackBANK1  0149
__pcstackCOMRAM               cstackCOMRAM 0001
__pdataBANK0                  dataBANK0    00DD
__pdataBANK1                  dataBANK1    0129
__pidataBANK0                 idataBANK0   2474
__pidataBANK1                 idataBANK1   2454
__pintcode                    intcode      1008
__pintcode_body               intcode_body 1710
__pintcodelo                  intcodelo    1018
__pmediumconst                mediumconst  11D8
__pnvBANK1                    nvBANK1      015E
__ptext0                      text0        12D8
__ptext1                      text1        2370
__ptext10                     text10       23E8
__ptext11                     text11       232E
__ptext12                     text12       1AD6
__ptext13                     text13       20F4
__ptext14                     text14       248A
__ptext15                     text15       2420
__ptext16                     text16       2044
__ptext17                     text17       1E1C
__ptext2                      text2        1EE0
__ptext4                      text4        2284
__ptext5                      text5        22DC
__ptext7                      text7        1F92
__ptext8                      text8        219E
__ptext9                      text9        23AE
__ramtop                      ramtop       0800
__smallconst                  smallconst   0000
_abs                          text15       2420
_arreglo                      bssBANK1     0120
_c1                           mediumconst  11F5
_c2                           mediumconst  11F1
_c3                           mediumconst  11ED
_c4                           mediumconst  11E9
_config                       text2        1EE0
_contador125                  bssBANK0     00FB
_contador250                  bssBANK0     00FA
_contador500                  bssBANK0     00F9
_contadorp                    bssBANK0     00F8
_contadorserial               bssBANK0     00FC
_d1                           bssBANK1     0128
_d2                           bssBANK1     0127
_d3                           bssBANK1     0126
_d4                           bssBANK1     0125
_dbuf                         bssBANK1     0100
_det_fila                     text5        22DC
_firma                        _firma_text  1006
_firma_absaddr                (abs)        1006
_flags                        bssCOMRAM    0058
_fputc                        text13       20F4
_frec_val                     bssBANK0     00F6
_frecuencia_125               dataBANK0    00E9
_frecuencia_250               dataBANK0    00E3
_frecuencia_500               dataBANK0    00DD
_frecuencia_preg              dataBANK0    00EF
_hint                         intcode      1008
_lint                         intcodelo    1018
_main                         text0        12D8
_nbits                        bssCOMRAM    005D
_nbits0                       bssCOMRAM    005C
_nbits1                       bssCOMRAM    005B
_p_imp                        bssCOMRAM    005A
_p_par                        bssCOMRAM    0059
_prec                         bssCOMRAM    0050
_putch                        text14       248A
_segmentos                    mediumconst  11D9
_shift                        text4        2284
_sinetable                    dataBANK1    0129
_sprintf                      text10       23E8
_strlen                       text9        23AE
_tecla                        nvBANK1      015E
_timeout                      bssCOMRAM    005E
_tx_232                       text1        2370
_vfpfcnvrt                    text12       1AD6
_vfprintf                     text11       232E
_w_ceros                      bssCOMRAM    0054
_w_unos                       bssCOMRAM    0056
_width                        bssCOMRAM    004E
_wig_val                      bssBANK0     00F2
abs@a                         cstackCOMRAM 0007
btemp                         temp         005F
det_fila@fila                 cstackBANK1  0149
end_of_initialization         cinit        2276
fputc@c                       cstackCOMRAM 0001
fputc@fp                      cstackCOMRAM 0003
hint@error                    cstackBANK0  00CA
hint@j                        cstackBANK0  00C8
hint@rx_buf                   cstackBANK0  00DC
hint@textot                   cstackBANK0  00CC
hint@textot_1219              cstackBANK0  00D0
hint@textot_1223              cstackBANK0  00D4
hint@textot_1227              cstackBANK0  00D8
hint@textott                  cstackBANK0  00CE
hint@textott_1221             cstackBANK0  00D2
hint@textott_1225             cstackBANK0  00D6
hint@textott_1229             cstackBANK0  00DA
int$flags                     temp         005F
int_func                      intcode_body 1710
intlevel0                     text         0000
intlevel1                     text         0000
intlevel2                     text         0000
intlevel3                     text         0000
isa$std                       (abs)        0001
isa$xinst                     (abs)        0000
lint@fila                     cstackBANK1  0155
lint@rota                     bssBANK1     0124
main@contador_digitos         cstackBANK1  015B
main@i                        cstackBANK1  015C
shift@dato                    cstackBANK1  014A
shift@k                       cstackBANK1  0149
shift@n                       cstackBANK1  014B
sprintf@ap                    cstackCOMRAM 0025
sprintf@f                     cstackCOMRAM 0026
sprintf@fmt                   cstackCOMRAM 0021
sprintf@s                     cstackCOMRAM 0020
stackhi                       (abs)        0000
stacklo                       (abs)        0000
start                         init         11D4
start_initialization          cinit        2212
strlen@a                      cstackCOMRAM 0003
strlen@s                      cstackCOMRAM 0001
ttemp5                        temp         0060
ttemp6                        temp         0063
ttemp7                        temp         0067
tx_232@longitud               cstackBANK1  0158
tx_232@mens                   cstackBANK1  0156
vfpfcnvrt@ap                  cstackCOMRAM 000D
vfpfcnvrt@c                   cstackCOMRAM 0019
vfpfcnvrt@convarg             cstackCOMRAM 0015
vfpfcnvrt@cp                  cstackCOMRAM 0012
vfpfcnvrt@cp_1827             cstackCOMRAM 0010
vfpfcnvrt@done                cstackCOMRAM 0014
vfpfcnvrt@fmt                 cstackCOMRAM 000C
vfpfcnvrt@fp                  cstackCOMRAM 000B
vfprintf@ap                   cstackCOMRAM 001D
vfprintf@cfmt                 cstackCOMRAM 001E
vfprintf@fmt                  cstackCOMRAM 001B
vfprintf@fp                   cstackCOMRAM 001A
wtemp8                        temp         0060


MODULE INFORMATION

Module		Function		Class		Link	Load	Size
C:\Program Files\Microchip\xc8\v2.46\pic\sources\c99\common\nf_fputc.c
		_fputc         		CODE           	20F4	0000	170

C:\Program Files\Microchip\xc8\v2.46\pic\sources\c99\common\nf_fputc.c estimated size: 170

C:\Program Files\Microchip\xc8\v2.46\pic\sources\c99\common\awdiv.c
		___awdiv       		CODE           	1E1C	0000	196

C:\Program Files\Microchip\xc8\v2.46\pic\sources\c99\common\awdiv.c estimated size: 196

C:\Program Files\Microchip\xc8\v2.46\pic\sources\c99\common\strlen.c
		_strlen        		CODE           	23AE	0000	58

C:\Program Files\Microchip\xc8\v2.46\pic\sources\c99\common\strlen.c estimated size: 58

config.c
		_config        		CODE           	1EE0	0000	178

config.c estimated size: 178

C:\Program Files\Microchip\xc8\v2.46\pic\sources\c99\common\doprnt.c
		_vfpfcnvrt     		CODE           	1AD6	0000	838
		_vfprintf      		CODE           	232E	0000	66

C:\Program Files\Microchip\xc8\v2.46\pic\sources\c99\common\doprnt.c estimated size: 904

C:\Program Files\Microchip\xc8\v2.46\pic\sources\c99\common\nf_sprintf.c
		_sprintf       		CODE           	23E8	0000	56

C:\Program Files\Microchip\xc8\v2.46\pic\sources\c99\common\nf_sprintf.c estimated size: 56

shared
		_c1            		MEDIUMCONST    	11F5	0000	4
		_c2            		MEDIUMCONST    	11F1	0000	4
		_c3            		MEDIUMCONST    	11ED	0000	4
		_c4            		MEDIUMCONST    	11E9	0000	4
		_segmentos     		MEDIUMCONST    	11D9	0000	16
		_firma         		CODE           	1006	0000	2
		__initialization		CODE           	2212	0000	100

shared estimated size: 134

C:\Program Files\Microchip\xc8\v2.46\pic\sources\c99\common\putch.c
		_putch         		CODE           	248A	0000	2

C:\Program Files\Microchip\xc8\v2.46\pic\sources\c99\common\putch.c estimated size: 2

C:\Program Files\Microchip\xc8\v2.46\pic\sources\c99\common\abs.c
		_abs           		CODE           	2420	0000	52

C:\Program Files\Microchip\xc8\v2.46\pic\sources\c99\common\abs.c estimated size: 52

C:\Program Files\Microchip\xc8\v2.46\pic\sources\c99\common\awmod.c
		___awmod       		CODE           	2044	0000	176

C:\Program Files\Microchip\xc8\v2.46\pic\sources\c99\common\awmod.c estimated size: 176

main_display_teclado_wiegand.c
		_hint          		CODE           	1008	0000	972
		_lint          		CODE           	1018	0000	444
		_tx_232        		CODE           	2370	0000	62
		_main          		CODE           	12D8	0000	1080
		_det_fila      		CODE           	22DC	0000	82
		_shift         		CODE           	2284	0000	88
		_Envia_cadena  		CODE           	219E	0000	116
		_Envia_frecuencia		CODE           	1F92	0000	178

main_display_teclado_wiegand.c estimated size: 3022

